$ cross-env NODE_OPTIONS="--no-deprecation --max-old-space-size=8000" next build
 ⚠ Warning: Found multiple lockfiles. Selecting /Users/codyhall/package-lock.json.
   Consider removing the lockfiles at:
   * /Users/codyhall/researchcms/bun.lock

   ▲ Next.js 15.4.10
   - Environments: .env

   Creating an optimized production build ...
Failed to compile.

./node_modules/busboy/lib/types/multipart.js:3:30
Module not found: Can't resolve 'stream'
  1 | 'use strict';
  2 |
> 3 | const { Readable, Writable } = require('stream');
    |                              ^
  4 |
  5 | const StreamSearch = require('streamsearch');
  6 |

https://nextjs.org/docs/messages/module-not-found

Import trace for requested module:
./node_modules/busboy/lib/index.js
./node_modules/payload/dist/uploads/fetchAPI-multipart/processMultipart.js
./node_modules/payload/dist/uploads/fetchAPI-multipart/index.js
./node_modules/payload/dist/utilities/addDataAndFileToRequest.js
./node_modules/payload/dist/index.js
./src/app/(payload)/api/extract-graph/route.ts
./node_modules/next/dist/build/webpack/loaders/next-edge-app-route-loader/index.js?absolutePagePath=private-next-app-dir%2F(payload)%2Fapi%2Fextract-graph%2Froute.ts&page=%2F(payload)%2Fapi%2Fextract-graph%2Froute&appDirLoader=bmV4dC1hcHAtbG9hZGVyP25hbWU9YXBwJTJGKHBheWxvYWQpJTJGYXBpJTJGZXh0cmFjdC1ncmFwaCUyRnJvdXRlJnBhZ2U9JTJGKHBheWxvYWQpJTJGYXBpJTJGZXh0cmFjdC1ncmFwaCUyRnJvdXRlJnBhZ2VQYXRoPXByaXZhdGUtbmV4dC1hcHAtZGlyJTJGKHBheWxvYWQpJTJGYXBpJTJGZXh0cmFjdC1ncmFwaCUyRnJvdXRlLnRzJmFwcERpcj0lMkZVc2VycyUyRmNvZHloYWxsJTJGcmVzZWFyY2hjbXMlMkZzcmMlMkZhcHAmYXBwUGF0aHM9JTJGKHBheWxvYWQpJTJGYXBpJTJGZXh0cmFjdC1ncmFwaCUyRnJvdXRlJnBhZ2VFeHRlbnNpb25zPXRzeCZwYWdlRXh0ZW5zaW9ucz10cyZwYWdlRXh0ZW5zaW9ucz1qc3gmcGFnZUV4dGVuc2lvbnM9anMmYmFzZVBhdGg9JmFzc2V0UHJlZml4PSZuZXh0Q29uZmlnT3V0cHV0PSZwcmVmZXJyZWRSZWdpb249Jm1pZGRsZXdhcmVDb25maWc9ZTMwJTNEJmlzR2xvYmFsTm90Rm91bmRFbmFibGVkPSE%3D&nextConfig=eyJlbnYiOnt9LCJlc2xpbnQiOnsiaWdub3JlRHVyaW5nQnVpbGRzIjp0cnVlfSwidHlwZXNjcmlwdCI6eyJpZ25vcmVCdWlsZEVycm9ycyI6dHJ1ZSwidHNjb25maWdQYXRoIjoidHNjb25maWcuanNvbiJ9LCJkaXN0RGlyIjoiLm5leHQiLCJjbGVhbkRpc3REaXIiOnRydWUsImFzc2V0UHJlZml4IjoiIiwiY2FjaGVNYXhNZW1vcnlTaXplIjo1MjQyODgwMCwiY29uZmlnT3JpZ2luIjoibmV4dC5jb25maWcudHMiLCJ1c2VGaWxlU3lzdGVtUHVibGljUm91dGVzIjp0cnVlLCJnZW5lcmF0ZUV0YWdzIjp0cnVlLCJwYWdlRXh0ZW5zaW9ucyI6WyJ0c3giLCJ0cyIsImpzeCIsImpzIl0sInBvd2VyZWRCeUhlYWRlciI6ZmFsc2UsImNvbXByZXNzIjp0cnVlLCJpbWFnZXMiOnsiZGV2aWNlU2l6ZXMiOls2NDAsNzUwLDgyOCwxMDgwLDEyMDAsMTkyMCwyMDQ4LDM4NDBdLCJpbWFnZVNpemVzIjpbMTYsMzIsNDgsNjQsOTYsMTI4LDI1NiwzODRdLCJwYXRoIjoiL19uZXh0L2ltYWdlIiwibG9hZGVyIjoiZGVmYXVsdCIsImxvYWRlckZpbGUiOiIiLCJkb21haW5zIjpbXSwiZGlzYWJsZVN0YXRpY0ltYWdlcyI6ZmFsc2UsIm1pbmltdW1DYWNoZVRUTCI6NjAsImZvcm1hdHMiOlsiaW1hZ2Uvd2VicCJdLCJkYW5nZXJvdXNseUFsbG93U1ZHIjpmYWxzZSwiY29udGVudFNlY3VyaXR5UG9saWN5Ijoic2NyaXB0LXNyYyAnbm9uZSc7IGZyYW1lLXNyYyAnbm9uZSc7IHNhbmRib3g7IiwiY29udGVudERpc3Bvc2l0aW9uVHlwZSI6ImF0dGFjaG1lbnQiLCJyZW1vdGVQYXR0ZXJucyI6W10sInVub3B0aW1pemVkIjpmYWxzZX0sImRldkluZGljYXRvcnMiOnsicG9zaXRpb24iOiJib3R0b20tbGVmdCJ9LCJvbkRlbWFuZEVudHJpZXMiOnsibWF4SW5hY3RpdmVBZ2UiOjYwMDAwLCJwYWdlc0J1ZmZlckxlbmd0aCI6NX0sImFtcCI6eyJjYW5vbmljYWxCYXNlIjoiIn0sImJhc2VQYXRoIjoiIiwic2Fzc09wdGlvbnMiOnt9LCJ0cmFpbGluZ1NsYXNoIjpmYWxzZSwiaTE4biI6bnVsbCwicHJvZHVjdGlvbkJyb3dzZXJTb3VyY2VNYXBzIjpmYWxzZSwiZXhjbHVkZURlZmF1bHRNb21lbnRMb2NhbGVzIjp0cnVlLCJzZXJ2ZXJSdW50aW1lQ29uZmlnIjp7fSwicHVibGljUnVudGltZUNvbmZpZyI6e30sInJlYWN0UHJvZHVjdGlvblByb2ZpbGluZyI6ZmFsc2UsInJlYWN0U3RyaWN0TW9kZSI6bnVsbCwicmVhY3RNYXhIZWFkZXJzTGVuZ3RoIjo2MDAwLCJodHRwQWdlbnRPcHRpb25zIjp7ImtlZXBBbGl2ZSI6dHJ1ZX0sImxvZ2dpbmciOnt9LCJjb21waWxlciI6e30sImV4cGlyZVRpbWUiOjMxNTM2MDAwLCJzdGF0aWNQYWdlR2VuZXJhdGlvblRpbWVvdXQiOjYwLCJtb2R1bGFyaXplSW1wb3J0cyI6eyJAbXVpL2ljb25zLW1hdGVyaWFsIjp7InRyYW5zZm9ybSI6IkBtdWkvaWNvbnMtbWF0ZXJpYWwve3ttZW1iZXJ9fSJ9LCJsb2Rhc2giOnsidHJhbnNmb3JtIjoibG9kYXNoL3t7bWVtYmVyfX0ifX0sIm91dHB1dEZpbGVUcmFjaW5nUm9vdCI6Ii9Vc2Vycy9jb2R5aGFsbC9yZXNlYXJjaGNtcyIsImV4cGVyaW1lbnRhbCI6eyJ1c2VTa2V3Q29va2llIjpmYWxzZSwibm9kZU1pZGRsZXdhcmUiOmZhbHNlLCJjYWNoZUxpZmUiOnsiZGVmYXVsdCI6eyJzdGFsZSI6MzAwLCJyZXZhbGlkYXRlIjo5MDAsImV4cGlyZSI6NDI5NDk2NzI5NH0sInNlY29uZHMiOnsic3RhbGUiOjAsInJldmFsaWRhdGUiOjEsImV4cGlyZSI6NjB9LCJtaW51dGVzIjp7InN0YWxlIjozMDAsInJldmFsaWRhdGUiOjYwLCJleHBpcmUiOjM2MDB9LCJob3VycyI6eyJzdGFsZSI6MzAwLCJyZXZhbGlkYXRlIjozNjAwLCJleHBpcmUiOjg2NDAwfSwiZGF5cyI6eyJzdGFsZSI6MzAwLCJyZXZhbGlkYXRlIjo4NjQwMCwiZXhwaXJlIjo2MDQ4MDB9LCJ3ZWVrcyI6eyJzdGFsZSI6MzAwLCJyZXZhbGlkYXRlIjo2MDQ4MDAsImV4cGlyZSI6MjU5MjAwMH0sIm1heCI6eyJzdGFsZSI6MzAwLCJyZXZhbGlkYXRlIjoyNTkyMDAwLCJleHBpcmUiOjQyOTQ5NjcyOTR9fSwiY2FjaGVIYW5kbGVycyI6e30sImNzc0NodW5raW5nIjp0cnVlLCJtdWx0aVpvbmVEcmFmdE1vZGUiOmZhbHNlLCJhcHBOYXZGYWlsSGFuZGxpbmciOmZhbHNlLCJwcmVyZW5kZXJFYXJseUV4aXQiOnRydWUsInNlcnZlck1pbmlmaWNhdGlvbiI6dHJ1ZSwic2VydmVyU291cmNlTWFwcyI6ZmFsc2UsImxpbmtOb1RvdWNoU3RhcnQiOmZhbHNlLCJjYXNlU2Vuc2l0aXZlUm91dGVzIjpmYWxzZSwiY2xpZW50U2VnbWVudENhY2hlIjpmYWxzZSwiZHluYW1pY09uSG92ZXIiOmZhbHNlLCJwcmVsb2FkRW50cmllc09uU3RhcnQiOnRydWUsImNsaWVudFJvdXRlckZpbHRlciI6dHJ1ZSwiY2xpZW50Um91dGVyRmlsdGVyUmVkaXJlY3RzIjpmYWxzZSwiZmV0Y2hDYWNoZUtleVByZWZpeCI6IiIsIm1pZGRsZXdhcmVQcmVmZXRjaCI6ImZsZXhpYmxlIiwib3B0aW1pc3RpY0NsaWVudENhY2hlIjp0cnVlLCJtYW51YWxDbGllbnRCYXNlUGF0aCI6ZmFsc2UsImNwdXMiOjMsIm1lbW9yeUJhc2VkV29ya2Vyc0NvdW50IjpmYWxzZSwiaW1nT3B0Q29uY3VycmVuY3kiOm51bGwsImltZ09wdFRpbWVvdXRJblNlY29uZHMiOjcsImltZ09wdE1heElucHV0UGl4ZWxzIjoyNjg0MDI2ODksImltZ09wdFNlcXVlbnRpYWxSZWFkIjpudWxsLCJpc3JGbHVzaFRvRGlzayI6dHJ1ZSwid29ya2VyVGhyZWFkcyI6ZmFsc2UsIm9wdGltaXplQ3NzIjpmYWxzZSwibmV4dFNjcmlwdFdvcmtlcnMiOmZhbHNlLCJzY3JvbGxSZXN0b3JhdGlvbiI6ZmFsc2UsImV4dGVybmFsRGlyIjpmYWxzZSwiZGlzYWJsZU9wdGltaXplZExvYWRpbmciOmZhbHNlLCJnemlwU2l6ZSI6dHJ1ZSwiY3JhQ29tcGF0IjpmYWxzZSwiZXNtRXh0ZXJuYWxzIjp0cnVlLCJmdWxseVNwZWNpZmllZCI6ZmFsc2UsInN3Y1RyYWNlUHJvZmlsaW5nIjpmYWxzZSwiZm9yY2VTd2NUcmFuc2Zvcm1zIjpmYWxzZSwibGFyZ2VQYWdlRGF0YUJ5dGVzIjoxMjgwMDAsInR5cGVkUm91dGVzIjpmYWxzZSwidHlwZWRFbnYiOmZhbHNlLCJwYXJhbGxlbFNlcnZlckNvbXBpbGVzIjpmYWxzZSwicGFyYWxsZWxTZXJ2ZXJCdWlsZFRyYWNlcyI6ZmFsc2UsInBwciI6ZmFsc2UsImF1dGhJbnRlcnJ1cHRzIjpmYWxzZSwid2VicGFja01lbW9yeU9wdGltaXphdGlvbnMiOmZhbHNlLCJvcHRpbWl6ZVNlcnZlclJlYWN0Ijp0cnVlLCJ2aWV3VHJhbnNpdGlvbiI6ZmFsc2UsInJvdXRlckJGQ2FjaGUiOmZhbHNlLCJyZW1vdmVVbmNhdWdodEVycm9yQW5kUmVqZWN0aW9uTGlzdGVuZXJzIjpmYWxzZSwidmFsaWRhdGVSU0NSZXF1ZXN0SGVhZGVycyI6ZmFsc2UsInN0YWxlVGltZXMiOnsiZHluYW1pYyI6MCwic3RhdGljIjozMDB9LCJzZXJ2ZXJDb21wb25lbnRzSG1yQ2FjaGUiOnRydWUsInN0YXRpY0dlbmVyYXRpb25NYXhDb25jdXJyZW5jeSI6OCwic3RhdGljR2VuZXJhdGlvbk1pblBhZ2VzUGVyV29ya2VyIjoyNSwiZHluYW1pY0lPIjpmYWxzZSwiaW5saW5lQ3NzIjpmYWxzZSwidXNlQ2FjaGUiOmZhbHNlLCJnbG9iYWxOb3RGb3VuZCI6ZmFsc2UsImRldnRvb2xOZXdQYW5lbFVJIjpmYWxzZSwiZGV2dG9vbFNlZ21lbnRFeHBsb3JlciI6ZmFsc2UsImJyb3dzZXJEZWJ1Z0luZm9JblRlcm1pbmFsIjpmYWxzZSwib3B0aW1pemVSb3V0ZXJTY3JvbGxpbmciOmZhbHNlLCJzdHJpY3ROZXh0SGVhZCI6dHJ1ZSwibWlkZGxld2FyZUNsaWVudE1heEJvZHlTaXplIjoxMDQ4NTc2MCwib3B0aW1pemVQYWNrYWdlSW1wb3J0cyI6WyJsdWNpZGUtcmVhY3QiLCJkYXRlLWZucyIsImxvZGFzaC1lcyIsInJhbWRhIiwiYW50ZCIsInJlYWN0LWJvb3RzdHJhcCIsImFob29rcyIsIkBhbnQtZGVzaWduL2ljb25zIiwiQGhlYWRsZXNzdWkvcmVhY3QiLCJAaGVhZGxlc3N1aS1mbG9hdC9yZWFjdCIsIkBoZXJvaWNvbnMvcmVhY3QvMjAvc29saWQiLCJAaGVyb2ljb25zL3JlYWN0LzI0L3NvbGlkIiwiQGhlcm9pY29ucy9yZWFjdC8yNC9vdXRsaW5lIiwiQHZpc3gvdmlzeCIsIkB0cmVtb3IvcmVhY3QiLCJyeGpzIiwiQG11aS9tYXRlcmlhbCIsIkBtdWkvaWNvbnMtbWF0ZXJpYWwiLCJyZWNoYXJ0cyIsInJlYWN0LXVzZSIsImVmZmVjdCIsIkBlZmZlY3Qvc2NoZW1hIiwiQGVmZmVjdC9wbGF0Zm9ybSIsIkBlZmZlY3QvcGxhdGZvcm0tbm9kZSIsIkBlZmZlY3QvcGxhdGZvcm0tYnJvd3NlciIsIkBlZmZlY3QvcGxhdGZvcm0tYnVuIiwiQGVmZmVjdC9zcWwiLCJAZWZmZWN0L3NxbC1tc3NxbCIsIkBlZmZlY3Qvc3FsLW15c3FsMiIsIkBlZmZlY3Qvc3FsLXBnIiwiQGVmZmVjdC9zcWwtc3FsaXRlLW5vZGUiLCJAZWZmZWN0L3NxbC1zcWxpdGUtYnVuIiwiQGVmZmVjdC9zcWwtc3FsaXRlLXdhc20iLCJAZWZmZWN0L3NxbC1zcWxpdGUtcmVhY3QtbmF0aXZlIiwiQGVmZmVjdC9ycGMiLCJAZWZmZWN0L3JwYy1odHRwIiwiQGVmZmVjdC90eXBlY2xhc3MiLCJAZWZmZWN0L2V4cGVyaW1lbnRhbCIsIkBlZmZlY3Qvb3BlbnRlbGVtZXRyeSIsIkBtYXRlcmlhbC11aS9jb3JlIiwiQG1hdGVyaWFsLXVpL2ljb25zIiwiQHRhYmxlci9pY29ucy1yZWFjdCIsIm11aS1jb3JlIiwicmVhY3QtaWNvbnMvYWkiLCJyZWFjdC1pY29ucy9iaSIsInJlYWN0LWljb25zL2JzIiwicmVhY3QtaWNvbnMvY2ciLCJyZWFjdC1pY29ucy9jaSIsInJlYWN0LWljb25zL2RpIiwicmVhY3QtaWNvbnMvZmEiLCJyZWFjdC1pY29ucy9mYTYiLCJyZWFjdC1pY29ucy9mYyIsInJlYWN0LWljb25zL2ZpIiwicmVhY3QtaWNvbnMvZ2kiLCJyZWFjdC1pY29ucy9nbyIsInJlYWN0LWljb25zL2dyIiwicmVhY3QtaWNvbnMvaGkiLCJyZWFjdC1pY29ucy9oaTIiLCJyZWFjdC1pY29ucy9pbSIsInJlYWN0LWljb25zL2lvIiwicmVhY3QtaWNvbnMvaW81IiwicmVhY3QtaWNvbnMvbGlhIiwicmVhY3QtaWNvbnMvbGliIiwicmVhY3QtaWNvbnMvbHUiLCJyZWFjdC1pY29ucy9tZCIsInJlYWN0LWljb25zL3BpIiwicmVhY3QtaWNvbnMvcmkiLCJyZWFjdC1pY29ucy9yeCIsInJlYWN0LWljb25zL3NpIiwicmVhY3QtaWNvbnMvc2wiLCJyZWFjdC1pY29ucy90YiIsInJlYWN0LWljb25zL3RmaSIsInJlYWN0LWljb25zL3RpIiwicmVhY3QtaWNvbnMvdnNjIiwicmVhY3QtaWNvbnMvd2kiXX0sImh0bWxMaW1pdGVkQm90cyI6Ik1lZGlhcGFydG5lcnMtR29vZ2xlfENocm9tZS1MaWdodGhvdXNlfFNsdXJwfER1Y2tEdWNrQm90fGJhaWR1c3BpZGVyfHlhbmRleHxzb2dvdXxiaXRseWJvdHx0dW1ibHJ8dmtTaGFyZXxxdW9yYSBsaW5rIHByZXZpZXd8cmVkZGl0Ym90fGlhX2FyY2hpdmVyfEJpbmdib3R8QmluZ1ByZXZpZXd8YXBwbGVib3R8ZmFjZWJvb2tleHRlcm5hbGhpdHxmYWNlYm9va2NhdGFsb2d8VHdpdHRlcmJvdHxMaW5rZWRJbkJvdHxTbGFja2JvdHxEaXNjb3JkYm90fFdoYXRzQXBwfFNreXBlVXJpUHJldmlld3xZZXRpIiwiYnVuZGxlUGFnZXNSb3V0ZXJEZXBlbmRlbmNpZXMiOmZhbHNlLCJjb25maWdGaWxlIjoiL1VzZXJzL2NvZHloYWxsL3Jlc2VhcmNoY21zL25leHQuY29uZmlnLnRzIiwiY29uZmlnRmlsZU5hbWUiOiJuZXh0LmNvbmZpZy50cyIsIm91dHB1dEZpbGVUcmFjaW5nRXhjbHVkZXMiOnsiKiovKiI6WyJkcml6emxlLWtpdCIsImRyaXp6bGUta2l0L2FwaSJdfSwib3V0cHV0RmlsZVRyYWNpbmdJbmNsdWRlcyI6eyIqKi8qIjpbIkBsaWJzcWwvY2xpZW50Il19LCJ0dXJib3BhY2siOnsicm9vdCI6Ii9Vc2Vycy9jb2R5aGFsbC9yZXNlYXJjaGNtcyJ9LCJzZXJ2ZXJFeHRlcm5hbFBhY2thZ2VzIjpbImdyYXBocWwiLCJAc2VudHJ5L25leHRqcyJdfQ%3D%3D&preferredRegion=&middlewareConfig=e30%3D&cacheHandlers=%7B%7D!

./node_modules/busboy/lib/types/urlencoded.js:3:20
Module not found: Can't resolve 'stream'
  1 | 'use strict';
  2 |
> 3 | const { Writable } = require('stream');
    |                    ^
  4 |
  5 | const { getDecoder } = require('../utils.js');
  6 |

https://nextjs.org/docs/messages/module-not-found

Import trace for requested module:
./node_modules/busboy/lib/index.js
./node_modules/payload/dist/uploads/fetchAPI-multipart/processMultipart.js
./node_modules/payload/dist/uploads/fetchAPI-multipart/index.js
./node_modules/payload/dist/utilities/addDataAndFileToRequest.js
./node_modules/payload/dist/index.js
./src/app/(payload)/api/extract-graph/route.ts
./node_modules/next/dist/build/webpack/loaders/next-edge-app-route-loader/index.js?absolutePagePath=private-next-app-dir%2F(payload)%2Fapi%2Fextract-graph%2Froute.ts&page=%2F(payload)%2Fapi%2Fextract-graph%2Froute&appDirLoader=bmV4dC1hcHAtbG9hZGVyP25hbWU9YXBwJTJGKHBheWxvYWQpJTJGYXBpJTJGZXh0cmFjdC1ncmFwaCUyRnJvdXRlJnBhZ2U9JTJGKHBheWxvYWQpJTJGYXBpJTJGZXh0cmFjdC1ncmFwaCUyRnJvdXRlJnBhZ2VQYXRoPXByaXZhdGUtbmV4dC1hcHAtZGlyJTJGKHBheWxvYWQpJTJGYXBpJTJGZXh0cmFjdC1ncmFwaCUyRnJvdXRlLnRzJmFwcERpcj0lMkZVc2VycyUyRmNvZHloYWxsJTJGcmVzZWFyY2hjbXMlMkZzcmMlMkZhcHAmYXBwUGF0aHM9JTJGKHBheWxvYWQpJTJGYXBpJTJGZXh0cmFjdC1ncmFwaCUyRnJvdXRlJnBhZ2VFeHRlbnNpb25zPXRzeCZwYWdlRXh0ZW5zaW9ucz10cyZwYWdlRXh0ZW5zaW9ucz1qc3gmcGFnZUV4dGVuc2lvbnM9anMmYmFzZVBhdGg9JmFzc2V0UHJlZml4PSZuZXh0Q29uZmlnT3V0cHV0PSZwcmVmZXJyZWRSZWdpb249Jm1pZGRsZXdhcmVDb25maWc9ZTMwJTNEJmlzR2xvYmFsTm90Rm91bmRFbmFibGVkPSE%3D&nextConfig=eyJlbnYiOnt9LCJlc2xpbnQiOnsiaWdub3JlRHVyaW5nQnVpbGRzIjp0cnVlfSwidHlwZXNjcmlwdCI6eyJpZ25vcmVCdWlsZEVycm9ycyI6dHJ1ZSwidHNjb25maWdQYXRoIjoidHNjb25maWcuanNvbiJ9LCJkaXN0RGlyIjoiLm5leHQiLCJjbGVhbkRpc3REaXIiOnRydWUsImFzc2V0UHJlZml4IjoiIiwiY2FjaGVNYXhNZW1vcnlTaXplIjo1MjQyODgwMCwiY29uZmlnT3JpZ2luIjoibmV4dC5jb25maWcudHMiLCJ1c2VGaWxlU3lzdGVtUHVibGljUm91dGVzIjp0cnVlLCJnZW5lcmF0ZUV0YWdzIjp0cnVlLCJwYWdlRXh0ZW5zaW9ucyI6WyJ0c3giLCJ0cyIsImpzeCIsImpzIl0sInBvd2VyZWRCeUhlYWRlciI6ZmFsc2UsImNvbXByZXNzIjp0cnVlLCJpbWFnZXMiOnsiZGV2aWNlU2l6ZXMiOls2NDAsNzUwLDgyOCwxMDgwLDEyMDAsMTkyMCwyMDQ4LDM4NDBdLCJpbWFnZVNpemVzIjpbMTYsMzIsNDgsNjQsOTYsMTI4LDI1NiwzODRdLCJwYXRoIjoiL19uZXh0L2ltYWdlIiwibG9hZGVyIjoiZGVmYXVsdCIsImxvYWRlckZpbGUiOiIiLCJkb21haW5zIjpbXSwiZGlzYWJsZVN0YXRpY0ltYWdlcyI6ZmFsc2UsIm1pbmltdW1DYWNoZVRUTCI6NjAsImZvcm1hdHMiOlsiaW1hZ2Uvd2VicCJdLCJkYW5nZXJvdXNseUFsbG93U1ZHIjpmYWxzZSwiY29udGVudFNlY3VyaXR5UG9saWN5Ijoic2NyaXB0LXNyYyAnbm9uZSc7IGZyYW1lLXNyYyAnbm9uZSc7IHNhbmRib3g7IiwiY29udGVudERpc3Bvc2l0aW9uVHlwZSI6ImF0dGFjaG1lbnQiLCJyZW1vdGVQYXR0ZXJucyI6W10sInVub3B0aW1pemVkIjpmYWxzZX0sImRldkluZGljYXRvcnMiOnsicG9zaXRpb24iOiJib3R0b20tbGVmdCJ9LCJvbkRlbWFuZEVudHJpZXMiOnsibWF4SW5hY3RpdmVBZ2UiOjYwMDAwLCJwYWdlc0J1ZmZlckxlbmd0aCI6NX0sImFtcCI6eyJjYW5vbmljYWxCYXNlIjoiIn0sImJhc2VQYXRoIjoiIiwic2Fzc09wdGlvbnMiOnt9LCJ0cmFpbGluZ1NsYXNoIjpmYWxzZSwiaTE4biI6bnVsbCwicHJvZHVjdGlvbkJyb3dzZXJTb3VyY2VNYXBzIjpmYWxzZSwiZXhjbHVkZURlZmF1bHRNb21lbnRMb2NhbGVzIjp0cnVlLCJzZXJ2ZXJSdW50aW1lQ29uZmlnIjp7fSwicHVibGljUnVudGltZUNvbmZpZyI6e30sInJlYWN0UHJvZHVjdGlvblByb2ZpbGluZyI6ZmFsc2UsInJlYWN0U3RyaWN0TW9kZSI6bnVsbCwicmVhY3RNYXhIZWFkZXJzTGVuZ3RoIjo2MDAwLCJodHRwQWdlbnRPcHRpb25zIjp7ImtlZXBBbGl2ZSI6dHJ1ZX0sImxvZ2dpbmciOnt9LCJjb21waWxlciI6e30sImV4cGlyZVRpbWUiOjMxNTM2MDAwLCJzdGF0aWNQYWdlR2VuZXJhdGlvblRpbWVvdXQiOjYwLCJtb2R1bGFyaXplSW1wb3J0cyI6eyJAbXVpL2ljb25zLW1hdGVyaWFsIjp7InRyYW5zZm9ybSI6IkBtdWkvaWNvbnMtbWF0ZXJpYWwve3ttZW1iZXJ9fSJ9LCJsb2Rhc2giOnsidHJhbnNmb3JtIjoibG9kYXNoL3t7bWVtYmVyfX0ifX0sIm91dHB1dEZpbGVUcmFjaW5nUm9vdCI6Ii9Vc2Vycy9jb2R5aGFsbC9yZXNlYXJjaGNtcyIsImV4cGVyaW1lbnRhbCI6eyJ1c2VTa2V3Q29va2llIjpmYWxzZSwibm9kZU1pZGRsZXdhcmUiOmZhbHNlLCJjYWNoZUxpZmUiOnsiZGVmYXVsdCI6eyJzdGFsZSI6MzAwLCJyZXZhbGlkYXRlIjo5MDAsImV4cGlyZSI6NDI5NDk2NzI5NH0sInNlY29uZHMiOnsic3RhbGUiOjAsInJldmFsaWRhdGUiOjEsImV4cGlyZSI6NjB9LCJtaW51dGVzIjp7InN0YWxlIjozMDAsInJldmFsaWRhdGUiOjYwLCJleHBpcmUiOjM2MDB9LCJob3VycyI6eyJzdGFsZSI6MzAwLCJyZXZhbGlkYXRlIjozNjAwLCJleHBpcmUiOjg2NDAwfSwiZGF5cyI6eyJzdGFsZSI6MzAwLCJyZXZhbGlkYXRlIjo4NjQwMCwiZXhwaXJlIjo2MDQ4MDB9LCJ3ZWVrcyI6eyJzdGFsZSI6MzAwLCJyZXZhbGlkYXRlIjo2MDQ4MDAsImV4cGlyZSI6MjU5MjAwMH0sIm1heCI6eyJzdGFsZSI6MzAwLCJyZXZhbGlkYXRlIjoyNTkyMDAwLCJleHBpcmUiOjQyOTQ5NjcyOTR9fSwiY2FjaGVIYW5kbGVycyI6e30sImNzc0NodW5raW5nIjp0cnVlLCJtdWx0aVpvbmVEcmFmdE1vZGUiOmZhbHNlLCJhcHBOYXZGYWlsSGFuZGxpbmciOmZhbHNlLCJwcmVyZW5kZXJFYXJseUV4aXQiOnRydWUsInNlcnZlck1pbmlmaWNhdGlvbiI6dHJ1ZSwic2VydmVyU291cmNlTWFwcyI6ZmFsc2UsImxpbmtOb1RvdWNoU3RhcnQiOmZhbHNlLCJjYXNlU2Vuc2l0aXZlUm91dGVzIjpmYWxzZSwiY2xpZW50U2VnbWVudENhY2hlIjpmYWxzZSwiZHluYW1pY09uSG92ZXIiOmZhbHNlLCJwcmVsb2FkRW50cmllc09uU3RhcnQiOnRydWUsImNsaWVudFJvdXRlckZpbHRlciI6dHJ1ZSwiY2xpZW50Um91dGVyRmlsdGVyUmVkaXJlY3RzIjpmYWxzZSwiZmV0Y2hDYWNoZUtleVByZWZpeCI6IiIsIm1pZGRsZXdhcmVQcmVmZXRjaCI6ImZsZXhpYmxlIiwib3B0aW1pc3RpY0NsaWVudENhY2hlIjp0cnVlLCJtYW51YWxDbGllbnRCYXNlUGF0aCI6ZmFsc2UsImNwdXMiOjMsIm1lbW9yeUJhc2VkV29ya2Vyc0NvdW50IjpmYWxzZSwiaW1nT3B0Q29uY3VycmVuY3kiOm51bGwsImltZ09wdFRpbWVvdXRJblNlY29uZHMiOjcsImltZ09wdE1heElucHV0UGl4ZWxzIjoyNjg0MDI2ODksImltZ09wdFNlcXVlbnRpYWxSZWFkIjpudWxsLCJpc3JGbHVzaFRvRGlzayI6dHJ1ZSwid29ya2VyVGhyZWFkcyI6ZmFsc2UsIm9wdGltaXplQ3NzIjpmYWxzZSwibmV4dFNjcmlwdFdvcmtlcnMiOmZhbHNlLCJzY3JvbGxSZXN0b3JhdGlvbiI6ZmFsc2UsImV4dGVybmFsRGlyIjpmYWxzZSwiZGlzYWJsZU9wdGltaXplZExvYWRpbmciOmZhbHNlLCJnemlwU2l6ZSI6dHJ1ZSwiY3JhQ29tcGF0IjpmYWxzZSwiZXNtRXh0ZXJuYWxzIjp0cnVlLCJmdWxseVNwZWNpZmllZCI6ZmFsc2UsInN3Y1RyYWNlUHJvZmlsaW5nIjpmYWxzZSwiZm9yY2VTd2NUcmFuc2Zvcm1zIjpmYWxzZSwibGFyZ2VQYWdlRGF0YUJ5dGVzIjoxMjgwMDAsInR5cGVkUm91dGVzIjpmYWxzZSwidHlwZWRFbnYiOmZhbHNlLCJwYXJhbGxlbFNlcnZlckNvbXBpbGVzIjpmYWxzZSwicGFyYWxsZWxTZXJ2ZXJCdWlsZFRyYWNlcyI6ZmFsc2UsInBwciI6ZmFsc2UsImF1dGhJbnRlcnJ1cHRzIjpmYWxzZSwid2VicGFja01lbW9yeU9wdGltaXphdGlvbnMiOmZhbHNlLCJvcHRpbWl6ZVNlcnZlclJlYWN0Ijp0cnVlLCJ2aWV3VHJhbnNpdGlvbiI6ZmFsc2UsInJvdXRlckJGQ2FjaGUiOmZhbHNlLCJyZW1vdmVVbmNhdWdodEVycm9yQW5kUmVqZWN0aW9uTGlzdGVuZXJzIjpmYWxzZSwidmFsaWRhdGVSU0NSZXF1ZXN0SGVhZGVycyI6ZmFsc2UsInN0YWxlVGltZXMiOnsiZHluYW1pYyI6MCwic3RhdGljIjozMDB9LCJzZXJ2ZXJDb21wb25lbnRzSG1yQ2FjaGUiOnRydWUsInN0YXRpY0dlbmVyYXRpb25NYXhDb25jdXJyZW5jeSI6OCwic3RhdGljR2VuZXJhdGlvbk1pblBhZ2VzUGVyV29ya2VyIjoyNSwiZHluYW1pY0lPIjpmYWxzZSwiaW5saW5lQ3NzIjpmYWxzZSwidXNlQ2FjaGUiOmZhbHNlLCJnbG9iYWxOb3RGb3VuZCI6ZmFsc2UsImRldnRvb2xOZXdQYW5lbFVJIjpmYWxzZSwiZGV2dG9vbFNlZ21lbnRFeHBsb3JlciI6ZmFsc2UsImJyb3dzZXJEZWJ1Z0luZm9JblRlcm1pbmFsIjpmYWxzZSwib3B0aW1pemVSb3V0ZXJTY3JvbGxpbmciOmZhbHNlLCJzdHJpY3ROZXh0SGVhZCI6dHJ1ZSwibWlkZGxld2FyZUNsaWVudE1heEJvZHlTaXplIjoxMDQ4NTc2MCwib3B0aW1pemVQYWNrYWdlSW1wb3J0cyI6WyJsdWNpZGUtcmVhY3QiLCJkYXRlLWZucyIsImxvZGFzaC1lcyIsInJhbWRhIiwiYW50ZCIsInJlYWN0LWJvb3RzdHJhcCIsImFob29rcyIsIkBhbnQtZGVzaWduL2ljb25zIiwiQGhlYWRsZXNzdWkvcmVhY3QiLCJAaGVhZGxlc3N1aS1mbG9hdC9yZWFjdCIsIkBoZXJvaWNvbnMvcmVhY3QvMjAvc29saWQiLCJAaGVyb2ljb25zL3JlYWN0LzI0L3NvbGlkIiwiQGhlcm9pY29ucy9yZWFjdC8yNC9vdXRsaW5lIiwiQHZpc3gvdmlzeCIsIkB0cmVtb3IvcmVhY3QiLCJyeGpzIiwiQG11aS9tYXRlcmlhbCIsIkBtdWkvaWNvbnMtbWF0ZXJpYWwiLCJyZWNoYXJ0cyIsInJlYWN0LXVzZSIsImVmZmVjdCIsIkBlZmZlY3Qvc2NoZW1hIiwiQGVmZmVjdC9wbGF0Zm9ybSIsIkBlZmZlY3QvcGxhdGZvcm0tbm9kZSIsIkBlZmZlY3QvcGxhdGZvcm0tYnJvd3NlciIsIkBlZmZlY3QvcGxhdGZvcm0tYnVuIiwiQGVmZmVjdC9zcWwiLCJAZWZmZWN0L3NxbC1tc3NxbCIsIkBlZmZlY3Qvc3FsLW15c3FsMiIsIkBlZmZlY3Qvc3FsLXBnIiwiQGVmZmVjdC9zcWwtc3FsaXRlLW5vZGUiLCJAZWZmZWN0L3NxbC1zcWxpdGUtYnVuIiwiQGVmZmVjdC9zcWwtc3FsaXRlLXdhc20iLCJAZWZmZWN0L3NxbC1zcWxpdGUtcmVhY3QtbmF0aXZlIiwiQGVmZmVjdC9ycGMiLCJAZWZmZWN0L3JwYy1odHRwIiwiQGVmZmVjdC90eXBlY2xhc3MiLCJAZWZmZWN0L2V4cGVyaW1lbnRhbCIsIkBlZmZlY3Qvb3BlbnRlbGVtZXRyeSIsIkBtYXRlcmlhbC11aS9jb3JlIiwiQG1hdGVyaWFsLXVpL2ljb25zIiwiQHRhYmxlci9pY29ucy1yZWFjdCIsIm11aS1jb3JlIiwicmVhY3QtaWNvbnMvYWkiLCJyZWFjdC1pY29ucy9iaSIsInJlYWN0LWljb25zL2JzIiwicmVhY3QtaWNvbnMvY2ciLCJyZWFjdC1pY29ucy9jaSIsInJlYWN0LWljb25zL2RpIiwicmVhY3QtaWNvbnMvZmEiLCJyZWFjdC1pY29ucy9mYTYiLCJyZWFjdC1pY29ucy9mYyIsInJlYWN0LWljb25zL2ZpIiwicmVhY3QtaWNvbnMvZ2kiLCJyZWFjdC1pY29ucy9nbyIsInJlYWN0LWljb25zL2dyIiwicmVhY3QtaWNvbnMvaGkiLCJyZWFjdC1pY29ucy9oaTIiLCJyZWFjdC1pY29ucy9pbSIsInJlYWN0LWljb25zL2lvIiwicmVhY3QtaWNvbnMvaW81IiwicmVhY3QtaWNvbnMvbGlhIiwicmVhY3QtaWNvbnMvbGliIiwicmVhY3QtaWNvbnMvbHUiLCJyZWFjdC1pY29ucy9tZCIsInJlYWN0LWljb25zL3BpIiwicmVhY3QtaWNvbnMvcmkiLCJyZWFjdC1pY29ucy9yeCIsInJlYWN0LWljb25zL3NpIiwicmVhY3QtaWNvbnMvc2wiLCJyZWFjdC1pY29ucy90YiIsInJlYWN0LWljb25zL3RmaSIsInJlYWN0LWljb25zL3RpIiwicmVhY3QtaWNvbnMvdnNjIiwicmVhY3QtaWNvbnMvd2kiXX0sImh0bWxMaW1pdGVkQm90cyI6Ik1lZGlhcGFydG5lcnMtR29vZ2xlfENocm9tZS1MaWdodGhvdXNlfFNsdXJwfER1Y2tEdWNrQm90fGJhaWR1c3BpZGVyfHlhbmRleHxzb2dvdXxiaXRseWJvdHx0dW1ibHJ8dmtTaGFyZXxxdW9yYSBsaW5rIHByZXZpZXd8cmVkZGl0Ym90fGlhX2FyY2hpdmVyfEJpbmdib3R8QmluZ1ByZXZpZXd8YXBwbGVib3R8ZmFjZWJvb2tleHRlcm5hbGhpdHxmYWNlYm9va2NhdGFsb2d8VHdpdHRlcmJvdHxMaW5rZWRJbkJvdHxTbGFja2JvdHxEaXNjb3JkYm90fFdoYXRzQXBwfFNreXBlVXJpUHJldmlld3xZZXRpIiwiYnVuZGxlUGFnZXNSb3V0ZXJEZXBlbmRlbmNpZXMiOmZhbHNlLCJjb25maWdGaWxlIjoiL1VzZXJzL2NvZHloYWxsL3Jlc2VhcmNoY21zL25leHQuY29uZmlnLnRzIiwiY29uZmlnRmlsZU5hbWUiOiJuZXh0LmNvbmZpZy50cyIsIm91dHB1dEZpbGVUcmFjaW5nRXhjbHVkZXMiOnsiKiovKiI6WyJkcml6emxlLWtpdCIsImRyaXp6bGUta2l0L2FwaSJdfSwib3V0cHV0RmlsZVRyYWNpbmdJbmNsdWRlcyI6eyIqKi8qIjpbIkBsaWJzcWwvY2xpZW50Il19LCJ0dXJib3BhY2siOnsicm9vdCI6Ii9Vc2Vycy9jb2R5aGFsbC9yZXNlYXJjaGNtcyJ9LCJzZXJ2ZXJFeHRlcm5hbFBhY2thZ2VzIjpbImdyYXBocWwiLCJAc2VudHJ5L25leHRqcyJdfQ%3D%3D&preferredRegion=&middlewareConfig=e30%3D&cacheHandlers=%7B%7D!

./node_modules/pino-abstract-transport/index.js:5:18
Module not found: Can't resolve 'stream'
  3 | const metadata = Symbol.for('pino.metadata')
  4 | const split = require('split2')
> 5 | const { Duplex } = require('stream')
    |                  ^
  6 | const { parentPort, workerData } = require('worker_threads')
  7 |
  8 | function createDeferred () {

https://nextjs.org/docs/messages/module-not-found

Import trace for requested module:
./node_modules/pino-pretty/index.js
./node_modules/payload/dist/utilities/logger.js
./node_modules/payload/dist/index.js
./src/app/(payload)/api/extract-graph/route.ts
./node_modules/next/dist/build/webpack/loaders/next-edge-app-route-loader/index.js?absolutePagePath=private-next-app-dir%2F(payload)%2Fapi%2Fextract-graph%2Froute.ts&page=%2F(payload)%2Fapi%2Fextract-graph%2Froute&appDirLoader=bmV4dC1hcHAtbG9hZGVyP25hbWU9YXBwJTJGKHBheWxvYWQpJTJGYXBpJTJGZXh0cmFjdC1ncmFwaCUyRnJvdXRlJnBhZ2U9JTJGKHBheWxvYWQpJTJGYXBpJTJGZXh0cmFjdC1ncmFwaCUyRnJvdXRlJnBhZ2VQYXRoPXByaXZhdGUtbmV4dC1hcHAtZGlyJTJGKHBheWxvYWQpJTJGYXBpJTJGZXh0cmFjdC1ncmFwaCUyRnJvdXRlLnRzJmFwcERpcj0lMkZVc2VycyUyRmNvZHloYWxsJTJGcmVzZWFyY2hjbXMlMkZzcmMlMkZhcHAmYXBwUGF0aHM9JTJGKHBheWxvYWQpJTJGYXBpJTJGZXh0cmFjdC1ncmFwaCUyRnJvdXRlJnBhZ2VFeHRlbnNpb25zPXRzeCZwYWdlRXh0ZW5zaW9ucz10cyZwYWdlRXh0ZW5zaW9ucz1qc3gmcGFnZUV4dGVuc2lvbnM9anMmYmFzZVBhdGg9JmFzc2V0UHJlZml4PSZuZXh0Q29uZmlnT3V0cHV0PSZwcmVmZXJyZWRSZWdpb249Jm1pZGRsZXdhcmVDb25maWc9ZTMwJTNEJmlzR2xvYmFsTm90Rm91bmRFbmFibGVkPSE%3D&nextConfig=eyJlbnYiOnt9LCJlc2xpbnQiOnsiaWdub3JlRHVyaW5nQnVpbGRzIjp0cnVlfSwidHlwZXNjcmlwdCI6eyJpZ25vcmVCdWlsZEVycm9ycyI6dHJ1ZSwidHNjb25maWdQYXRoIjoidHNjb25maWcuanNvbiJ9LCJkaXN0RGlyIjoiLm5leHQiLCJjbGVhbkRpc3REaXIiOnRydWUsImFzc2V0UHJlZml4IjoiIiwiY2FjaGVNYXhNZW1vcnlTaXplIjo1MjQyODgwMCwiY29uZmlnT3JpZ2luIjoibmV4dC5jb25maWcudHMiLCJ1c2VGaWxlU3lzdGVtUHVibGljUm91dGVzIjp0cnVlLCJnZW5lcmF0ZUV0YWdzIjp0cnVlLCJwYWdlRXh0ZW5zaW9ucyI6WyJ0c3giLCJ0cyIsImpzeCIsImpzIl0sInBvd2VyZWRCeUhlYWRlciI6ZmFsc2UsImNvbXByZXNzIjp0cnVlLCJpbWFnZXMiOnsiZGV2aWNlU2l6ZXMiOls2NDAsNzUwLDgyOCwxMDgwLDEyMDAsMTkyMCwyMDQ4LDM4NDBdLCJpbWFnZVNpemVzIjpbMTYsMzIsNDgsNjQsOTYsMTI4LDI1NiwzODRdLCJwYXRoIjoiL19uZXh0L2ltYWdlIiwibG9hZGVyIjoiZGVmYXVsdCIsImxvYWRlckZpbGUiOiIiLCJkb21haW5zIjpbXSwiZGlzYWJsZVN0YXRpY0ltYWdlcyI6ZmFsc2UsIm1pbmltdW1DYWNoZVRUTCI6NjAsImZvcm1hdHMiOlsiaW1hZ2Uvd2VicCJdLCJkYW5nZXJvdXNseUFsbG93U1ZHIjpmYWxzZSwiY29udGVudFNlY3VyaXR5UG9saWN5Ijoic2NyaXB0LXNyYyAnbm9uZSc7IGZyYW1lLXNyYyAnbm9uZSc7IHNhbmRib3g7IiwiY29udGVudERpc3Bvc2l0aW9uVHlwZSI6ImF0dGFjaG1lbnQiLCJyZW1vdGVQYXR0ZXJucyI6W10sInVub3B0aW1pemVkIjpmYWxzZX0sImRldkluZGljYXRvcnMiOnsicG9zaXRpb24iOiJib3R0b20tbGVmdCJ9LCJvbkRlbWFuZEVudHJpZXMiOnsibWF4SW5hY3RpdmVBZ2UiOjYwMDAwLCJwYWdlc0J1ZmZlckxlbmd0aCI6NX0sImFtcCI6eyJjYW5vbmljYWxCYXNlIjoiIn0sImJhc2VQYXRoIjoiIiwic2Fzc09wdGlvbnMiOnt9LCJ0cmFpbGluZ1NsYXNoIjpmYWxzZSwiaTE4biI6bnVsbCwicHJvZHVjdGlvbkJyb3dzZXJTb3VyY2VNYXBzIjpmYWxzZSwiZXhjbHVkZURlZmF1bHRNb21lbnRMb2NhbGVzIjp0cnVlLCJzZXJ2ZXJSdW50aW1lQ29uZmlnIjp7fSwicHVibGljUnVudGltZUNvbmZpZyI6e30sInJlYWN0UHJvZHVjdGlvblByb2ZpbGluZyI6ZmFsc2UsInJlYWN0U3RyaWN0TW9kZSI6bnVsbCwicmVhY3RNYXhIZWFkZXJzTGVuZ3RoIjo2MDAwLCJodHRwQWdlbnRPcHRpb25zIjp7ImtlZXBBbGl2ZSI6dHJ1ZX0sImxvZ2dpbmciOnt9LCJjb21waWxlciI6e30sImV4cGlyZVRpbWUiOjMxNTM2MDAwLCJzdGF0aWNQYWdlR2VuZXJhdGlvblRpbWVvdXQiOjYwLCJtb2R1bGFyaXplSW1wb3J0cyI6eyJAbXVpL2ljb25zLW1hdGVyaWFsIjp7InRyYW5zZm9ybSI6IkBtdWkvaWNvbnMtbWF0ZXJpYWwve3ttZW1iZXJ9fSJ9LCJsb2Rhc2giOnsidHJhbnNmb3JtIjoibG9kYXNoL3t7bWVtYmVyfX0ifX0sIm91dHB1dEZpbGVUcmFjaW5nUm9vdCI6Ii9Vc2Vycy9jb2R5aGFsbC9yZXNlYXJjaGNtcyIsImV4cGVyaW1lbnRhbCI6eyJ1c2VTa2V3Q29va2llIjpmYWxzZSwibm9kZU1pZGRsZXdhcmUiOmZhbHNlLCJjYWNoZUxpZmUiOnsiZGVmYXVsdCI6eyJzdGFsZSI6MzAwLCJyZXZhbGlkYXRlIjo5MDAsImV4cGlyZSI6NDI5NDk2NzI5NH0sInNlY29uZHMiOnsic3RhbGUiOjAsInJldmFsaWRhdGUiOjEsImV4cGlyZSI6NjB9LCJtaW51dGVzIjp7InN0YWxlIjozMDAsInJldmFsaWRhdGUiOjYwLCJleHBpcmUiOjM2MDB9LCJob3VycyI6eyJzdGFsZSI6MzAwLCJyZXZhbGlkYXRlIjozNjAwLCJleHBpcmUiOjg2NDAwfSwiZGF5cyI6eyJzdGFsZSI6MzAwLCJyZXZhbGlkYXRlIjo4NjQwMCwiZXhwaXJlIjo2MDQ4MDB9LCJ3ZWVrcyI6eyJzdGFsZSI6MzAwLCJyZXZhbGlkYXRlIjo2MDQ4MDAsImV4cGlyZSI6MjU5MjAwMH0sIm1heCI6eyJzdGFsZSI6MzAwLCJyZXZhbGlkYXRlIjoyNTkyMDAwLCJleHBpcmUiOjQyOTQ5NjcyOTR9fSwiY2FjaGVIYW5kbGVycyI6e30sImNzc0NodW5raW5nIjp0cnVlLCJtdWx0aVpvbmVEcmFmdE1vZGUiOmZhbHNlLCJhcHBOYXZGYWlsSGFuZGxpbmciOmZhbHNlLCJwcmVyZW5kZXJFYXJseUV4aXQiOnRydWUsInNlcnZlck1pbmlmaWNhdGlvbiI6dHJ1ZSwic2VydmVyU291cmNlTWFwcyI6ZmFsc2UsImxpbmtOb1RvdWNoU3RhcnQiOmZhbHNlLCJjYXNlU2Vuc2l0aXZlUm91dGVzIjpmYWxzZSwiY2xpZW50U2VnbWVudENhY2hlIjpmYWxzZSwiZHluYW1pY09uSG92ZXIiOmZhbHNlLCJwcmVsb2FkRW50cmllc09uU3RhcnQiOnRydWUsImNsaWVudFJvdXRlckZpbHRlciI6dHJ1ZSwiY2xpZW50Um91dGVyRmlsdGVyUmVkaXJlY3RzIjpmYWxzZSwiZmV0Y2hDYWNoZUtleVByZWZpeCI6IiIsIm1pZGRsZXdhcmVQcmVmZXRjaCI6ImZsZXhpYmxlIiwib3B0aW1pc3RpY0NsaWVudENhY2hlIjp0cnVlLCJtYW51YWxDbGllbnRCYXNlUGF0aCI6ZmFsc2UsImNwdXMiOjMsIm1lbW9yeUJhc2VkV29ya2Vyc0NvdW50IjpmYWxzZSwiaW1nT3B0Q29uY3VycmVuY3kiOm51bGwsImltZ09wdFRpbWVvdXRJblNlY29uZHMiOjcsImltZ09wdE1heElucHV0UGl4ZWxzIjoyNjg0MDI2ODksImltZ09wdFNlcXVlbnRpYWxSZWFkIjpudWxsLCJpc3JGbHVzaFRvRGlzayI6dHJ1ZSwid29ya2VyVGhyZWFkcyI6ZmFsc2UsIm9wdGltaXplQ3NzIjpmYWxzZSwibmV4dFNjcmlwdFdvcmtlcnMiOmZhbHNlLCJzY3JvbGxSZXN0b3JhdGlvbiI6ZmFsc2UsImV4dGVybmFsRGlyIjpmYWxzZSwiZGlzYWJsZU9wdGltaXplZExvYWRpbmciOmZhbHNlLCJnemlwU2l6ZSI6dHJ1ZSwiY3JhQ29tcGF0IjpmYWxzZSwiZXNtRXh0ZXJuYWxzIjp0cnVlLCJmdWxseVNwZWNpZmllZCI6ZmFsc2UsInN3Y1RyYWNlUHJvZmlsaW5nIjpmYWxzZSwiZm9yY2VTd2NUcmFuc2Zvcm1zIjpmYWxzZSwibGFyZ2VQYWdlRGF0YUJ5dGVzIjoxMjgwMDAsInR5cGVkUm91dGVzIjpmYWxzZSwidHlwZWRFbnYiOmZhbHNlLCJwYXJhbGxlbFNlcnZlckNvbXBpbGVzIjpmYWxzZSwicGFyYWxsZWxTZXJ2ZXJCdWlsZFRyYWNlcyI6ZmFsc2UsInBwciI6ZmFsc2UsImF1dGhJbnRlcnJ1cHRzIjpmYWxzZSwid2VicGFja01lbW9yeU9wdGltaXphdGlvbnMiOmZhbHNlLCJvcHRpbWl6ZVNlcnZlclJlYWN0Ijp0cnVlLCJ2aWV3VHJhbnNpdGlvbiI6ZmFsc2UsInJvdXRlckJGQ2FjaGUiOmZhbHNlLCJyZW1vdmVVbmNhdWdodEVycm9yQW5kUmVqZWN0aW9uTGlzdGVuZXJzIjpmYWxzZSwidmFsaWRhdGVSU0NSZXF1ZXN0SGVhZGVycyI6ZmFsc2UsInN0YWxlVGltZXMiOnsiZHluYW1pYyI6MCwic3RhdGljIjozMDB9LCJzZXJ2ZXJDb21wb25lbnRzSG1yQ2FjaGUiOnRydWUsInN0YXRpY0dlbmVyYXRpb25NYXhDb25jdXJyZW5jeSI6OCwic3RhdGljR2VuZXJhdGlvbk1pblBhZ2VzUGVyV29ya2VyIjoyNSwiZHluYW1pY0lPIjpmYWxzZSwiaW5saW5lQ3NzIjpmYWxzZSwidXNlQ2FjaGUiOmZhbHNlLCJnbG9iYWxOb3RGb3VuZCI6ZmFsc2UsImRldnRvb2xOZXdQYW5lbFVJIjpmYWxzZSwiZGV2dG9vbFNlZ21lbnRFeHBsb3JlciI6ZmFsc2UsImJyb3dzZXJEZWJ1Z0luZm9JblRlcm1pbmFsIjpmYWxzZSwib3B0aW1pemVSb3V0ZXJTY3JvbGxpbmciOmZhbHNlLCJzdHJpY3ROZXh0SGVhZCI6dHJ1ZSwibWlkZGxld2FyZUNsaWVudE1heEJvZHlTaXplIjoxMDQ4NTc2MCwib3B0aW1pemVQYWNrYWdlSW1wb3J0cyI6WyJsdWNpZGUtcmVhY3QiLCJkYXRlLWZucyIsImxvZGFzaC1lcyIsInJhbWRhIiwiYW50ZCIsInJlYWN0LWJvb3RzdHJhcCIsImFob29rcyIsIkBhbnQtZGVzaWduL2ljb25zIiwiQGhlYWRsZXNzdWkvcmVhY3QiLCJAaGVhZGxlc3N1aS1mbG9hdC9yZWFjdCIsIkBoZXJvaWNvbnMvcmVhY3QvMjAvc29saWQiLCJAaGVyb2ljb25zL3JlYWN0LzI0L3NvbGlkIiwiQGhlcm9pY29ucy9yZWFjdC8yNC9vdXRsaW5lIiwiQHZpc3gvdmlzeCIsIkB0cmVtb3IvcmVhY3QiLCJyeGpzIiwiQG11aS9tYXRlcmlhbCIsIkBtdWkvaWNvbnMtbWF0ZXJpYWwiLCJyZWNoYXJ0cyIsInJlYWN0LXVzZSIsImVmZmVjdCIsIkBlZmZlY3Qvc2NoZW1hIiwiQGVmZmVjdC9wbGF0Zm9ybSIsIkBlZmZlY3QvcGxhdGZvcm0tbm9kZSIsIkBlZmZlY3QvcGxhdGZvcm0tYnJvd3NlciIsIkBlZmZlY3QvcGxhdGZvcm0tYnVuIiwiQGVmZmVjdC9zcWwiLCJAZWZmZWN0L3NxbC1tc3NxbCIsIkBlZmZlY3Qvc3FsLW15c3FsMiIsIkBlZmZlY3Qvc3FsLXBnIiwiQGVmZmVjdC9zcWwtc3FsaXRlLW5vZGUiLCJAZWZmZWN0L3NxbC1zcWxpdGUtYnVuIiwiQGVmZmVjdC9zcWwtc3FsaXRlLXdhc20iLCJAZWZmZWN0L3NxbC1zcWxpdGUtcmVhY3QtbmF0aXZlIiwiQGVmZmVjdC9ycGMiLCJAZWZmZWN0L3JwYy1odHRwIiwiQGVmZmVjdC90eXBlY2xhc3MiLCJAZWZmZWN0L2V4cGVyaW1lbnRhbCIsIkBlZmZlY3Qvb3BlbnRlbGVtZXRyeSIsIkBtYXRlcmlhbC11aS9jb3JlIiwiQG1hdGVyaWFsLXVpL2ljb25zIiwiQHRhYmxlci9pY29ucy1yZWFjdCIsIm11aS1jb3JlIiwicmVhY3QtaWNvbnMvYWkiLCJyZWFjdC1pY29ucy9iaSIsInJlYWN0LWljb25zL2JzIiwicmVhY3QtaWNvbnMvY2ciLCJyZWFjdC1pY29ucy9jaSIsInJlYWN0LWljb25zL2RpIiwicmVhY3QtaWNvbnMvZmEiLCJyZWFjdC1pY29ucy9mYTYiLCJyZWFjdC1pY29ucy9mYyIsInJlYWN0LWljb25zL2ZpIiwicmVhY3QtaWNvbnMvZ2kiLCJyZWFjdC1pY29ucy9nbyIsInJlYWN0LWljb25zL2dyIiwicmVhY3QtaWNvbnMvaGkiLCJyZWFjdC1pY29ucy9oaTIiLCJyZWFjdC1pY29ucy9pbSIsInJlYWN0LWljb25zL2lvIiwicmVhY3QtaWNvbnMvaW81IiwicmVhY3QtaWNvbnMvbGlhIiwicmVhY3QtaWNvbnMvbGliIiwicmVhY3QtaWNvbnMvbHUiLCJyZWFjdC1pY29ucy9tZCIsInJlYWN0LWljb25zL3BpIiwicmVhY3QtaWNvbnMvcmkiLCJyZWFjdC1pY29ucy9yeCIsInJlYWN0LWljb25zL3NpIiwicmVhY3QtaWNvbnMvc2wiLCJyZWFjdC1pY29ucy90YiIsInJlYWN0LWljb25zL3RmaSIsInJlYWN0LWljb25zL3RpIiwicmVhY3QtaWNvbnMvdnNjIiwicmVhY3QtaWNvbnMvd2kiXX0sImh0bWxMaW1pdGVkQm90cyI6Ik1lZGlhcGFydG5lcnMtR29vZ2xlfENocm9tZS1MaWdodGhvdXNlfFNsdXJwfER1Y2tEdWNrQm90fGJhaWR1c3BpZGVyfHlhbmRleHxzb2dvdXxiaXRseWJvdHx0dW1ibHJ8dmtTaGFyZXxxdW9yYSBsaW5rIHByZXZpZXd8cmVkZGl0Ym90fGlhX2FyY2hpdmVyfEJpbmdib3R8QmluZ1ByZXZpZXd8YXBwbGVib3R8ZmFjZWJvb2tleHRlcm5hbGhpdHxmYWNlYm9va2NhdGFsb2d8VHdpdHRlcmJvdHxMaW5rZWRJbkJvdHxTbGFja2JvdHxEaXNjb3JkYm90fFdoYXRzQXBwfFNreXBlVXJpUHJldmlld3xZZXRpIiwiYnVuZGxlUGFnZXNSb3V0ZXJEZXBlbmRlbmNpZXMiOmZhbHNlLCJjb25maWdGaWxlIjoiL1VzZXJzL2NvZHloYWxsL3Jlc2VhcmNoY21zL25leHQuY29uZmlnLnRzIiwiY29uZmlnRmlsZU5hbWUiOiJuZXh0LmNvbmZpZy50cyIsIm91dHB1dEZpbGVUcmFjaW5nRXhjbHVkZXMiOnsiKiovKiI6WyJkcml6emxlLWtpdCIsImRyaXp6bGUta2l0L2FwaSJdfSwib3V0cHV0RmlsZVRyYWNpbmdJbmNsdWRlcyI6eyIqKi8qIjpbIkBsaWJzcWwvY2xpZW50Il19LCJ0dXJib3BhY2siOnsicm9vdCI6Ii9Vc2Vycy9jb2R5aGFsbC9yZXNlYXJjaGNtcyJ9LCJzZXJ2ZXJFeHRlcm5hbFBhY2thZ2VzIjpbImdyYXBocWwiLCJAc2VudHJ5L25leHRqcyJdfQ%3D%3D&preferredRegion=&middlewareConfig=e30%3D&cacheHandlers=%7B%7D!

./node_modules/pino-abstract-transport/index.js:6:34
Module not found: Can't resolve 'worker_threads'
  4 | const split = require('split2')
  5 | const { Duplex } = require('stream')
> 6 | const { parentPort, workerData } = require('worker_threads')
    |                                  ^
  7 |
  8 | function createDeferred () {
  9 |   let resolve

https://nextjs.org/docs/messages/module-not-found

Import trace for requested module:
./node_modules/pino-pretty/index.js
./node_modules/payload/dist/utilities/logger.js
./node_modules/payload/dist/index.js
./src/app/(payload)/api/extract-graph/route.ts
./node_modules/next/dist/build/webpack/loaders/next-edge-app-route-loader/index.js?absolutePagePath=private-next-app-dir%2F(payload)%2Fapi%2Fextract-graph%2Froute.ts&page=%2F(payload)%2Fapi%2Fextract-graph%2Froute&appDirLoader=bmV4dC1hcHAtbG9hZGVyP25hbWU9YXBwJTJGKHBheWxvYWQpJTJGYXBpJTJGZXh0cmFjdC1ncmFwaCUyRnJvdXRlJnBhZ2U9JTJGKHBheWxvYWQpJTJGYXBpJTJGZXh0cmFjdC1ncmFwaCUyRnJvdXRlJnBhZ2VQYXRoPXByaXZhdGUtbmV4dC1hcHAtZGlyJTJGKHBheWxvYWQpJTJGYXBpJTJGZXh0cmFjdC1ncmFwaCUyRnJvdXRlLnRzJmFwcERpcj0lMkZVc2VycyUyRmNvZHloYWxsJTJGcmVzZWFyY2hjbXMlMkZzcmMlMkZhcHAmYXBwUGF0aHM9JTJGKHBheWxvYWQpJTJGYXBpJTJGZXh0cmFjdC1ncmFwaCUyRnJvdXRlJnBhZ2VFeHRlbnNpb25zPXRzeCZwYWdlRXh0ZW5zaW9ucz10cyZwYWdlRXh0ZW5zaW9ucz1qc3gmcGFnZUV4dGVuc2lvbnM9anMmYmFzZVBhdGg9JmFzc2V0UHJlZml4PSZuZXh0Q29uZmlnT3V0cHV0PSZwcmVmZXJyZWRSZWdpb249Jm1pZGRsZXdhcmVDb25maWc9ZTMwJTNEJmlzR2xvYmFsTm90Rm91bmRFbmFibGVkPSE%3D&nextConfig=eyJlbnYiOnt9LCJlc2xpbnQiOnsiaWdub3JlRHVyaW5nQnVpbGRzIjp0cnVlfSwidHlwZXNjcmlwdCI6eyJpZ25vcmVCdWlsZEVycm9ycyI6dHJ1ZSwidHNjb25maWdQYXRoIjoidHNjb25maWcuanNvbiJ9LCJkaXN0RGlyIjoiLm5leHQiLCJjbGVhbkRpc3REaXIiOnRydWUsImFzc2V0UHJlZml4IjoiIiwiY2FjaGVNYXhNZW1vcnlTaXplIjo1MjQyODgwMCwiY29uZmlnT3JpZ2luIjoibmV4dC5jb25maWcudHMiLCJ1c2VGaWxlU3lzdGVtUHVibGljUm91dGVzIjp0cnVlLCJnZW5lcmF0ZUV0YWdzIjp0cnVlLCJwYWdlRXh0ZW5zaW9ucyI6WyJ0c3giLCJ0cyIsImpzeCIsImpzIl0sInBvd2VyZWRCeUhlYWRlciI6ZmFsc2UsImNvbXByZXNzIjp0cnVlLCJpbWFnZXMiOnsiZGV2aWNlU2l6ZXMiOls2NDAsNzUwLDgyOCwxMDgwLDEyMDAsMTkyMCwyMDQ4LDM4NDBdLCJpbWFnZVNpemVzIjpbMTYsMzIsNDgsNjQsOTYsMTI4LDI1NiwzODRdLCJwYXRoIjoiL19uZXh0L2ltYWdlIiwibG9hZGVyIjoiZGVmYXVsdCIsImxvYWRlckZpbGUiOiIiLCJkb21haW5zIjpbXSwiZGlzYWJsZVN0YXRpY0ltYWdlcyI6ZmFsc2UsIm1pbmltdW1DYWNoZVRUTCI6NjAsImZvcm1hdHMiOlsiaW1hZ2Uvd2VicCJdLCJkYW5nZXJvdXNseUFsbG93U1ZHIjpmYWxzZSwiY29udGVudFNlY3VyaXR5UG9saWN5Ijoic2NyaXB0LXNyYyAnbm9uZSc7IGZyYW1lLXNyYyAnbm9uZSc7IHNhbmRib3g7IiwiY29udGVudERpc3Bvc2l0aW9uVHlwZSI6ImF0dGFjaG1lbnQiLCJyZW1vdGVQYXR0ZXJucyI6W10sInVub3B0aW1pemVkIjpmYWxzZX0sImRldkluZGljYXRvcnMiOnsicG9zaXRpb24iOiJib3R0b20tbGVmdCJ9LCJvbkRlbWFuZEVudHJpZXMiOnsibWF4SW5hY3RpdmVBZ2UiOjYwMDAwLCJwYWdlc0J1ZmZlckxlbmd0aCI6NX0sImFtcCI6eyJjYW5vbmljYWxCYXNlIjoiIn0sImJhc2VQYXRoIjoiIiwic2Fzc09wdGlvbnMiOnt9LCJ0cmFpbGluZ1NsYXNoIjpmYWxzZSwiaTE4biI6bnVsbCwicHJvZHVjdGlvbkJyb3dzZXJTb3VyY2VNYXBzIjpmYWxzZSwiZXhjbHVkZURlZmF1bHRNb21lbnRMb2NhbGVzIjp0cnVlLCJzZXJ2ZXJSdW50aW1lQ29uZmlnIjp7fSwicHVibGljUnVudGltZUNvbmZpZyI6e30sInJlYWN0UHJvZHVjdGlvblByb2ZpbGluZyI6ZmFsc2UsInJlYWN0U3RyaWN0TW9kZSI6bnVsbCwicmVhY3RNYXhIZWFkZXJzTGVuZ3RoIjo2MDAwLCJodHRwQWdlbnRPcHRpb25zIjp7ImtlZXBBbGl2ZSI6dHJ1ZX0sImxvZ2dpbmciOnt9LCJjb21waWxlciI6e30sImV4cGlyZVRpbWUiOjMxNTM2MDAwLCJzdGF0aWNQYWdlR2VuZXJhdGlvblRpbWVvdXQiOjYwLCJtb2R1bGFyaXplSW1wb3J0cyI6eyJAbXVpL2ljb25zLW1hdGVyaWFsIjp7InRyYW5zZm9ybSI6IkBtdWkvaWNvbnMtbWF0ZXJpYWwve3ttZW1iZXJ9fSJ9LCJsb2Rhc2giOnsidHJhbnNmb3JtIjoibG9kYXNoL3t7bWVtYmVyfX0ifX0sIm91dHB1dEZpbGVUcmFjaW5nUm9vdCI6Ii9Vc2Vycy9jb2R5aGFsbC9yZXNlYXJjaGNtcyIsImV4cGVyaW1lbnRhbCI6eyJ1c2VTa2V3Q29va2llIjpmYWxzZSwibm9kZU1pZGRsZXdhcmUiOmZhbHNlLCJjYWNoZUxpZmUiOnsiZGVmYXVsdCI6eyJzdGFsZSI6MzAwLCJyZXZhbGlkYXRlIjo5MDAsImV4cGlyZSI6NDI5NDk2NzI5NH0sInNlY29uZHMiOnsic3RhbGUiOjAsInJldmFsaWRhdGUiOjEsImV4cGlyZSI6NjB9LCJtaW51dGVzIjp7InN0YWxlIjozMDAsInJldmFsaWRhdGUiOjYwLCJleHBpcmUiOjM2MDB9LCJob3VycyI6eyJzdGFsZSI6MzAwLCJyZXZhbGlkYXRlIjozNjAwLCJleHBpcmUiOjg2NDAwfSwiZGF5cyI6eyJzdGFsZSI6MzAwLCJyZXZhbGlkYXRlIjo4NjQwMCwiZXhwaXJlIjo2MDQ4MDB9LCJ3ZWVrcyI6eyJzdGFsZSI6MzAwLCJyZXZhbGlkYXRlIjo2MDQ4MDAsImV4cGlyZSI6MjU5MjAwMH0sIm1heCI6eyJzdGFsZSI6MzAwLCJyZXZhbGlkYXRlIjoyNTkyMDAwLCJleHBpcmUiOjQyOTQ5NjcyOTR9fSwiY2FjaGVIYW5kbGVycyI6e30sImNzc0NodW5raW5nIjp0cnVlLCJtdWx0aVpvbmVEcmFmdE1vZGUiOmZhbHNlLCJhcHBOYXZGYWlsSGFuZGxpbmciOmZhbHNlLCJwcmVyZW5kZXJFYXJseUV4aXQiOnRydWUsInNlcnZlck1pbmlmaWNhdGlvbiI6dHJ1ZSwic2VydmVyU291cmNlTWFwcyI6ZmFsc2UsImxpbmtOb1RvdWNoU3RhcnQiOmZhbHNlLCJjYXNlU2Vuc2l0aXZlUm91dGVzIjpmYWxzZSwiY2xpZW50U2VnbWVudENhY2hlIjpmYWxzZSwiZHluYW1pY09uSG92ZXIiOmZhbHNlLCJwcmVsb2FkRW50cmllc09uU3RhcnQiOnRydWUsImNsaWVudFJvdXRlckZpbHRlciI6dHJ1ZSwiY2xpZW50Um91dGVyRmlsdGVyUmVkaXJlY3RzIjpmYWxzZSwiZmV0Y2hDYWNoZUtleVByZWZpeCI6IiIsIm1pZGRsZXdhcmVQcmVmZXRjaCI6ImZsZXhpYmxlIiwib3B0aW1pc3RpY0NsaWVudENhY2hlIjp0cnVlLCJtYW51YWxDbGllbnRCYXNlUGF0aCI6ZmFsc2UsImNwdXMiOjMsIm1lbW9yeUJhc2VkV29ya2Vyc0NvdW50IjpmYWxzZSwiaW1nT3B0Q29uY3VycmVuY3kiOm51bGwsImltZ09wdFRpbWVvdXRJblNlY29uZHMiOjcsImltZ09wdE1heElucHV0UGl4ZWxzIjoyNjg0MDI2ODksImltZ09wdFNlcXVlbnRpYWxSZWFkIjpudWxsLCJpc3JGbHVzaFRvRGlzayI6dHJ1ZSwid29ya2VyVGhyZWFkcyI6ZmFsc2UsIm9wdGltaXplQ3NzIjpmYWxzZSwibmV4dFNjcmlwdFdvcmtlcnMiOmZhbHNlLCJzY3JvbGxSZXN0b3JhdGlvbiI6ZmFsc2UsImV4dGVybmFsRGlyIjpmYWxzZSwiZGlzYWJsZU9wdGltaXplZExvYWRpbmciOmZhbHNlLCJnemlwU2l6ZSI6dHJ1ZSwiY3JhQ29tcGF0IjpmYWxzZSwiZXNtRXh0ZXJuYWxzIjp0cnVlLCJmdWxseVNwZWNpZmllZCI6ZmFsc2UsInN3Y1RyYWNlUHJvZmlsaW5nIjpmYWxzZSwiZm9yY2VTd2NUcmFuc2Zvcm1zIjpmYWxzZSwibGFyZ2VQYWdlRGF0YUJ5dGVzIjoxMjgwMDAsInR5cGVkUm91dGVzIjpmYWxzZSwidHlwZWRFbnYiOmZhbHNlLCJwYXJhbGxlbFNlcnZlckNvbXBpbGVzIjpmYWxzZSwicGFyYWxsZWxTZXJ2ZXJCdWlsZFRyYWNlcyI6ZmFsc2UsInBwciI6ZmFsc2UsImF1dGhJbnRlcnJ1cHRzIjpmYWxzZSwid2VicGFja01lbW9yeU9wdGltaXphdGlvbnMiOmZhbHNlLCJvcHRpbWl6ZVNlcnZlclJlYWN0Ijp0cnVlLCJ2aWV3VHJhbnNpdGlvbiI6ZmFsc2UsInJvdXRlckJGQ2FjaGUiOmZhbHNlLCJyZW1vdmVVbmNhdWdodEVycm9yQW5kUmVqZWN0aW9uTGlzdGVuZXJzIjpmYWxzZSwidmFsaWRhdGVSU0NSZXF1ZXN0SGVhZGVycyI6ZmFsc2UsInN0YWxlVGltZXMiOnsiZHluYW1pYyI6MCwic3RhdGljIjozMDB9LCJzZXJ2ZXJDb21wb25lbnRzSG1yQ2FjaGUiOnRydWUsInN0YXRpY0dlbmVyYXRpb25NYXhDb25jdXJyZW5jeSI6OCwic3RhdGljR2VuZXJhdGlvbk1pblBhZ2VzUGVyV29ya2VyIjoyNSwiZHluYW1pY0lPIjpmYWxzZSwiaW5saW5lQ3NzIjpmYWxzZSwidXNlQ2FjaGUiOmZhbHNlLCJnbG9iYWxOb3RGb3VuZCI6ZmFsc2UsImRldnRvb2xOZXdQYW5lbFVJIjpmYWxzZSwiZGV2dG9vbFNlZ21lbnRFeHBsb3JlciI6ZmFsc2UsImJyb3dzZXJEZWJ1Z0luZm9JblRlcm1pbmFsIjpmYWxzZSwib3B0aW1pemVSb3V0ZXJTY3JvbGxpbmciOmZhbHNlLCJzdHJpY3ROZXh0SGVhZCI6dHJ1ZSwibWlkZGxld2FyZUNsaWVudE1heEJvZHlTaXplIjoxMDQ4NTc2MCwib3B0aW1pemVQYWNrYWdlSW1wb3J0cyI6WyJsdWNpZGUtcmVhY3QiLCJkYXRlLWZucyIsImxvZGFzaC1lcyIsInJhbWRhIiwiYW50ZCIsInJlYWN0LWJvb3RzdHJhcCIsImFob29rcyIsIkBhbnQtZGVzaWduL2ljb25zIiwiQGhlYWRsZXNzdWkvcmVhY3QiLCJAaGVhZGxlc3N1aS1mbG9hdC9yZWFjdCIsIkBoZXJvaWNvbnMvcmVhY3QvMjAvc29saWQiLCJAaGVyb2ljb25zL3JlYWN0LzI0L3NvbGlkIiwiQGhlcm9pY29ucy9yZWFjdC8yNC9vdXRsaW5lIiwiQHZpc3gvdmlzeCIsIkB0cmVtb3IvcmVhY3QiLCJyeGpzIiwiQG11aS9tYXRlcmlhbCIsIkBtdWkvaWNvbnMtbWF0ZXJpYWwiLCJyZWNoYXJ0cyIsInJlYWN0LXVzZSIsImVmZmVjdCIsIkBlZmZlY3Qvc2NoZW1hIiwiQGVmZmVjdC9wbGF0Zm9ybSIsIkBlZmZlY3QvcGxhdGZvcm0tbm9kZSIsIkBlZmZlY3QvcGxhdGZvcm0tYnJvd3NlciIsIkBlZmZlY3QvcGxhdGZvcm0tYnVuIiwiQGVmZmVjdC9zcWwiLCJAZWZmZWN0L3NxbC1tc3NxbCIsIkBlZmZlY3Qvc3FsLW15c3FsMiIsIkBlZmZlY3Qvc3FsLXBnIiwiQGVmZmVjdC9zcWwtc3FsaXRlLW5vZGUiLCJAZWZmZWN0L3NxbC1zcWxpdGUtYnVuIiwiQGVmZmVjdC9zcWwtc3FsaXRlLXdhc20iLCJAZWZmZWN0L3NxbC1zcWxpdGUtcmVhY3QtbmF0aXZlIiwiQGVmZmVjdC9ycGMiLCJAZWZmZWN0L3JwYy1odHRwIiwiQGVmZmVjdC90eXBlY2xhc3MiLCJAZWZmZWN0L2V4cGVyaW1lbnRhbCIsIkBlZmZlY3Qvb3BlbnRlbGVtZXRyeSIsIkBtYXRlcmlhbC11aS9jb3JlIiwiQG1hdGVyaWFsLXVpL2ljb25zIiwiQHRhYmxlci9pY29ucy1yZWFjdCIsIm11aS1jb3JlIiwicmVhY3QtaWNvbnMvYWkiLCJyZWFjdC1pY29ucy9iaSIsInJlYWN0LWljb25zL2JzIiwicmVhY3QtaWNvbnMvY2ciLCJyZWFjdC1pY29ucy9jaSIsInJlYWN0LWljb25zL2RpIiwicmVhY3QtaWNvbnMvZmEiLCJyZWFjdC1pY29ucy9mYTYiLCJyZWFjdC1pY29ucy9mYyIsInJlYWN0LWljb25zL2ZpIiwicmVhY3QtaWNvbnMvZ2kiLCJyZWFjdC1pY29ucy9nbyIsInJlYWN0LWljb25zL2dyIiwicmVhY3QtaWNvbnMvaGkiLCJyZWFjdC1pY29ucy9oaTIiLCJyZWFjdC1pY29ucy9pbSIsInJlYWN0LWljb25zL2lvIiwicmVhY3QtaWNvbnMvaW81IiwicmVhY3QtaWNvbnMvbGlhIiwicmVhY3QtaWNvbnMvbGliIiwicmVhY3QtaWNvbnMvbHUiLCJyZWFjdC1pY29ucy9tZCIsInJlYWN0LWljb25zL3BpIiwicmVhY3QtaWNvbnMvcmkiLCJyZWFjdC1pY29ucy9yeCIsInJlYWN0LWljb25zL3NpIiwicmVhY3QtaWNvbnMvc2wiLCJyZWFjdC1pY29ucy90YiIsInJlYWN0LWljb25zL3RmaSIsInJlYWN0LWljb25zL3RpIiwicmVhY3QtaWNvbnMvdnNjIiwicmVhY3QtaWNvbnMvd2kiXX0sImh0bWxMaW1pdGVkQm90cyI6Ik1lZGlhcGFydG5lcnMtR29vZ2xlfENocm9tZS1MaWdodGhvdXNlfFNsdXJwfER1Y2tEdWNrQm90fGJhaWR1c3BpZGVyfHlhbmRleHxzb2dvdXxiaXRseWJvdHx0dW1ibHJ8dmtTaGFyZXxxdW9yYSBsaW5rIHByZXZpZXd8cmVkZGl0Ym90fGlhX2FyY2hpdmVyfEJpbmdib3R8QmluZ1ByZXZpZXd8YXBwbGVib3R8ZmFjZWJvb2tleHRlcm5hbGhpdHxmYWNlYm9va2NhdGFsb2d8VHdpdHRlcmJvdHxMaW5rZWRJbkJvdHxTbGFja2JvdHxEaXNjb3JkYm90fFdoYXRzQXBwfFNreXBlVXJpUHJldmlld3xZZXRpIiwiYnVuZGxlUGFnZXNSb3V0ZXJEZXBlbmRlbmNpZXMiOmZhbHNlLCJjb25maWdGaWxlIjoiL1VzZXJzL2NvZHloYWxsL3Jlc2VhcmNoY21zL25leHQuY29uZmlnLnRzIiwiY29uZmlnRmlsZU5hbWUiOiJuZXh0LmNvbmZpZy50cyIsIm91dHB1dEZpbGVUcmFjaW5nRXhjbHVkZXMiOnsiKiovKiI6WyJkcml6emxlLWtpdCIsImRyaXp6bGUta2l0L2FwaSJdfSwib3V0cHV0RmlsZVRyYWNpbmdJbmNsdWRlcyI6eyIqKi8qIjpbIkBsaWJzcWwvY2xpZW50Il19LCJ0dXJib3BhY2siOnsicm9vdCI6Ii9Vc2Vycy9jb2R5aGFsbC9yZXNlYXJjaGNtcyJ9LCJzZXJ2ZXJFeHRlcm5hbFBhY2thZ2VzIjpbImdyYXBocWwiLCJAc2VudHJ5L25leHRqcyJdfQ%3D%3D&preferredRegion=&middlewareConfig=e30%3D&cacheHandlers=%7B%7D!

./node_modules/prompts/dist/elements/prompt.js:3:1
Module not found: Can't resolve 'readline'
  1 | 'use strict';
  2 |
> 3 | const readline = require('readline');
    | ^
  4 |
  5 | const _require = require('../util'),
  6 |       action = _require.action;

https://nextjs.org/docs/messages/module-not-found

Import trace for requested module:
./node_modules/prompts/dist/elements/text.js
./node_modules/prompts/dist/elements/index.js
./node_modules/prompts/dist/prompts.js
./node_modules/prompts/dist/index.js
./node_modules/prompts/index.js
./node_modules/@payloadcms/drizzle/dist/migrate.js
./node_modules/@payloadcms/drizzle/dist/index.js
./node_modules/@payloadcms/db-d1-sqlite/dist/index.js
./src/payload.config.ts
./src/app/(payload)/api/extract-graph/route.ts
./node_modules/next/dist/build/webpack/loaders/next-edge-app-route-loader/index.js?absolutePagePath=private-next-app-dir%2F(payload)%2Fapi%2Fextract-graph%2Froute.ts&page=%2F(payload)%2Fapi%2Fextract-graph%2Froute&appDirLoader=bmV4dC1hcHAtbG9hZGVyP25hbWU9YXBwJTJGKHBheWxvYWQpJTJGYXBpJTJGZXh0cmFjdC1ncmFwaCUyRnJvdXRlJnBhZ2U9JTJGKHBheWxvYWQpJTJGYXBpJTJGZXh0cmFjdC1ncmFwaCUyRnJvdXRlJnBhZ2VQYXRoPXByaXZhdGUtbmV4dC1hcHAtZGlyJTJGKHBheWxvYWQpJTJGYXBpJTJGZXh0cmFjdC1ncmFwaCUyRnJvdXRlLnRzJmFwcERpcj0lMkZVc2VycyUyRmNvZHloYWxsJTJGcmVzZWFyY2hjbXMlMkZzcmMlMkZhcHAmYXBwUGF0aHM9JTJGKHBheWxvYWQpJTJGYXBpJTJGZXh0cmFjdC1ncmFwaCUyRnJvdXRlJnBhZ2VFeHRlbnNpb25zPXRzeCZwYWdlRXh0ZW5zaW9ucz10cyZwYWdlRXh0ZW5zaW9ucz1qc3gmcGFnZUV4dGVuc2lvbnM9anMmYmFzZVBhdGg9JmFzc2V0UHJlZml4PSZuZXh0Q29uZmlnT3V0cHV0PSZwcmVmZXJyZWRSZWdpb249Jm1pZGRsZXdhcmVDb25maWc9ZTMwJTNEJmlzR2xvYmFsTm90Rm91bmRFbmFibGVkPSE%3D&nextConfig=eyJlbnYiOnt9LCJlc2xpbnQiOnsiaWdub3JlRHVyaW5nQnVpbGRzIjp0cnVlfSwidHlwZXNjcmlwdCI6eyJpZ25vcmVCdWlsZEVycm9ycyI6dHJ1ZSwidHNjb25maWdQYXRoIjoidHNjb25maWcuanNvbiJ9LCJkaXN0RGlyIjoiLm5leHQiLCJjbGVhbkRpc3REaXIiOnRydWUsImFzc2V0UHJlZml4IjoiIiwiY2FjaGVNYXhNZW1vcnlTaXplIjo1MjQyODgwMCwiY29uZmlnT3JpZ2luIjoibmV4dC5jb25maWcudHMiLCJ1c2VGaWxlU3lzdGVtUHVibGljUm91dGVzIjp0cnVlLCJnZW5lcmF0ZUV0YWdzIjp0cnVlLCJwYWdlRXh0ZW5zaW9ucyI6WyJ0c3giLCJ0cyIsImpzeCIsImpzIl0sInBvd2VyZWRCeUhlYWRlciI6ZmFsc2UsImNvbXByZXNzIjp0cnVlLCJpbWFnZXMiOnsiZGV2aWNlU2l6ZXMiOls2NDAsNzUwLDgyOCwxMDgwLDEyMDAsMTkyMCwyMDQ4LDM4NDBdLCJpbWFnZVNpemVzIjpbMTYsMzIsNDgsNjQsOTYsMTI4LDI1NiwzODRdLCJwYXRoIjoiL19uZXh0L2ltYWdlIiwibG9hZGVyIjoiZGVmYXVsdCIsImxvYWRlckZpbGUiOiIiLCJkb21haW5zIjpbXSwiZGlzYWJsZVN0YXRpY0ltYWdlcyI6ZmFsc2UsIm1pbmltdW1DYWNoZVRUTCI6NjAsImZvcm1hdHMiOlsiaW1hZ2Uvd2VicCJdLCJkYW5nZXJvdXNseUFsbG93U1ZHIjpmYWxzZSwiY29udGVudFNlY3VyaXR5UG9saWN5Ijoic2NyaXB0LXNyYyAnbm9uZSc7IGZyYW1lLXNyYyAnbm9uZSc7IHNhbmRib3g7IiwiY29udGVudERpc3Bvc2l0aW9uVHlwZSI6ImF0dGFjaG1lbnQiLCJyZW1vdGVQYXR0ZXJucyI6W10sInVub3B0aW1pemVkIjpmYWxzZX0sImRldkluZGljYXRvcnMiOnsicG9zaXRpb24iOiJib3R0b20tbGVmdCJ9LCJvbkRlbWFuZEVudHJpZXMiOnsibWF4SW5hY3RpdmVBZ2UiOjYwMDAwLCJwYWdlc0J1ZmZlckxlbmd0aCI6NX0sImFtcCI6eyJjYW5vbmljYWxCYXNlIjoiIn0sImJhc2VQYXRoIjoiIiwic2Fzc09wdGlvbnMiOnt9LCJ0cmFpbGluZ1NsYXNoIjpmYWxzZSwiaTE4biI6bnVsbCwicHJvZHVjdGlvbkJyb3dzZXJTb3VyY2VNYXBzIjpmYWxzZSwiZXhjbHVkZURlZmF1bHRNb21lbnRMb2NhbGVzIjp0cnVlLCJzZXJ2ZXJSdW50aW1lQ29uZmlnIjp7fSwicHVibGljUnVudGltZUNvbmZpZyI6e30sInJlYWN0UHJvZHVjdGlvblByb2ZpbGluZyI6ZmFsc2UsInJlYWN0U3RyaWN0TW9kZSI6bnVsbCwicmVhY3RNYXhIZWFkZXJzTGVuZ3RoIjo2MDAwLCJodHRwQWdlbnRPcHRpb25zIjp7ImtlZXBBbGl2ZSI6dHJ1ZX0sImxvZ2dpbmciOnt9LCJjb21waWxlciI6e30sImV4cGlyZVRpbWUiOjMxNTM2MDAwLCJzdGF0aWNQYWdlR2VuZXJhdGlvblRpbWVvdXQiOjYwLCJtb2R1bGFyaXplSW1wb3J0cyI6eyJAbXVpL2ljb25zLW1hdGVyaWFsIjp7InRyYW5zZm9ybSI6IkBtdWkvaWNvbnMtbWF0ZXJpYWwve3ttZW1iZXJ9fSJ9LCJsb2Rhc2giOnsidHJhbnNmb3JtIjoibG9kYXNoL3t7bWVtYmVyfX0ifX0sIm91dHB1dEZpbGVUcmFjaW5nUm9vdCI6Ii9Vc2Vycy9jb2R5aGFsbC9yZXNlYXJjaGNtcyIsImV4cGVyaW1lbnRhbCI6eyJ1c2VTa2V3Q29va2llIjpmYWxzZSwibm9kZU1pZGRsZXdhcmUiOmZhbHNlLCJjYWNoZUxpZmUiOnsiZGVmYXVsdCI6eyJzdGFsZSI6MzAwLCJyZXZhbGlkYXRlIjo5MDAsImV4cGlyZSI6NDI5NDk2NzI5NH0sInNlY29uZHMiOnsic3RhbGUiOjAsInJldmFsaWRhdGUiOjEsImV4cGlyZSI6NjB9LCJtaW51dGVzIjp7InN0YWxlIjozMDAsInJldmFsaWRhdGUiOjYwLCJleHBpcmUiOjM2MDB9LCJob3VycyI6eyJzdGFsZSI6MzAwLCJyZXZhbGlkYXRlIjozNjAwLCJleHBpcmUiOjg2NDAwfSwiZGF5cyI6eyJzdGFsZSI6MzAwLCJyZXZhbGlkYXRlIjo4NjQwMCwiZXhwaXJlIjo2MDQ4MDB9LCJ3ZWVrcyI6eyJzdGFsZSI6MzAwLCJyZXZhbGlkYXRlIjo2MDQ4MDAsImV4cGlyZSI6MjU5MjAwMH0sIm1heCI6eyJzdGFsZSI6MzAwLCJyZXZhbGlkYXRlIjoyNTkyMDAwLCJleHBpcmUiOjQyOTQ5NjcyOTR9fSwiY2FjaGVIYW5kbGVycyI6e30sImNzc0NodW5raW5nIjp0cnVlLCJtdWx0aVpvbmVEcmFmdE1vZGUiOmZhbHNlLCJhcHBOYXZGYWlsSGFuZGxpbmciOmZhbHNlLCJwcmVyZW5kZXJFYXJseUV4aXQiOnRydWUsInNlcnZlck1pbmlmaWNhdGlvbiI6dHJ1ZSwic2VydmVyU291cmNlTWFwcyI6ZmFsc2UsImxpbmtOb1RvdWNoU3RhcnQiOmZhbHNlLCJjYXNlU2Vuc2l0aXZlUm91dGVzIjpmYWxzZSwiY2xpZW50U2VnbWVudENhY2hlIjpmYWxzZSwiZHluYW1pY09uSG92ZXIiOmZhbHNlLCJwcmVsb2FkRW50cmllc09uU3RhcnQiOnRydWUsImNsaWVudFJvdXRlckZpbHRlciI6dHJ1ZSwiY2xpZW50Um91dGVyRmlsdGVyUmVkaXJlY3RzIjpmYWxzZSwiZmV0Y2hDYWNoZUtleVByZWZpeCI6IiIsIm1pZGRsZXdhcmVQcmVmZXRjaCI6ImZsZXhpYmxlIiwib3B0aW1pc3RpY0NsaWVudENhY2hlIjp0cnVlLCJtYW51YWxDbGllbnRCYXNlUGF0aCI6ZmFsc2UsImNwdXMiOjMsIm1lbW9yeUJhc2VkV29ya2Vyc0NvdW50IjpmYWxzZSwiaW1nT3B0Q29uY3VycmVuY3kiOm51bGwsImltZ09wdFRpbWVvdXRJblNlY29uZHMiOjcsImltZ09wdE1heElucHV0UGl4ZWxzIjoyNjg0MDI2ODksImltZ09wdFNlcXVlbnRpYWxSZWFkIjpudWxsLCJpc3JGbHVzaFRvRGlzayI6dHJ1ZSwid29ya2VyVGhyZWFkcyI6ZmFsc2UsIm9wdGltaXplQ3NzIjpmYWxzZSwibmV4dFNjcmlwdFdvcmtlcnMiOmZhbHNlLCJzY3JvbGxSZXN0b3JhdGlvbiI6ZmFsc2UsImV4dGVybmFsRGlyIjpmYWxzZSwiZGlzYWJsZU9wdGltaXplZExvYWRpbmciOmZhbHNlLCJnemlwU2l6ZSI6dHJ1ZSwiY3JhQ29tcGF0IjpmYWxzZSwiZXNtRXh0ZXJuYWxzIjp0cnVlLCJmdWxseVNwZWNpZmllZCI6ZmFsc2UsInN3Y1RyYWNlUHJvZmlsaW5nIjpmYWxzZSwiZm9yY2VTd2NUcmFuc2Zvcm1zIjpmYWxzZSwibGFyZ2VQYWdlRGF0YUJ5dGVzIjoxMjgwMDAsInR5cGVkUm91dGVzIjpmYWxzZSwidHlwZWRFbnYiOmZhbHNlLCJwYXJhbGxlbFNlcnZlckNvbXBpbGVzIjpmYWxzZSwicGFyYWxsZWxTZXJ2ZXJCdWlsZFRyYWNlcyI6ZmFsc2UsInBwciI6ZmFsc2UsImF1dGhJbnRlcnJ1cHRzIjpmYWxzZSwid2VicGFja01lbW9yeU9wdGltaXphdGlvbnMiOmZhbHNlLCJvcHRpbWl6ZVNlcnZlclJlYWN0Ijp0cnVlLCJ2aWV3VHJhbnNpdGlvbiI6ZmFsc2UsInJvdXRlckJGQ2FjaGUiOmZhbHNlLCJyZW1vdmVVbmNhdWdodEVycm9yQW5kUmVqZWN0aW9uTGlzdGVuZXJzIjpmYWxzZSwidmFsaWRhdGVSU0NSZXF1ZXN0SGVhZGVycyI6ZmFsc2UsInN0YWxlVGltZXMiOnsiZHluYW1pYyI6MCwic3RhdGljIjozMDB9LCJzZXJ2ZXJDb21wb25lbnRzSG1yQ2FjaGUiOnRydWUsInN0YXRpY0dlbmVyYXRpb25NYXhDb25jdXJyZW5jeSI6OCwic3RhdGljR2VuZXJhdGlvbk1pblBhZ2VzUGVyV29ya2VyIjoyNSwiZHluYW1pY0lPIjpmYWxzZSwiaW5saW5lQ3NzIjpmYWxzZSwidXNlQ2FjaGUiOmZhbHNlLCJnbG9iYWxOb3RGb3VuZCI6ZmFsc2UsImRldnRvb2xOZXdQYW5lbFVJIjpmYWxzZSwiZGV2dG9vbFNlZ21lbnRFeHBsb3JlciI6ZmFsc2UsImJyb3dzZXJEZWJ1Z0luZm9JblRlcm1pbmFsIjpmYWxzZSwib3B0aW1pemVSb3V0ZXJTY3JvbGxpbmciOmZhbHNlLCJzdHJpY3ROZXh0SGVhZCI6dHJ1ZSwibWlkZGxld2FyZUNsaWVudE1heEJvZHlTaXplIjoxMDQ4NTc2MCwib3B0aW1pemVQYWNrYWdlSW1wb3J0cyI6WyJsdWNpZGUtcmVhY3QiLCJkYXRlLWZucyIsImxvZGFzaC1lcyIsInJhbWRhIiwiYW50ZCIsInJlYWN0LWJvb3RzdHJhcCIsImFob29rcyIsIkBhbnQtZGVzaWduL2ljb25zIiwiQGhlYWRsZXNzdWkvcmVhY3QiLCJAaGVhZGxlc3N1aS1mbG9hdC9yZWFjdCIsIkBoZXJvaWNvbnMvcmVhY3QvMjAvc29saWQiLCJAaGVyb2ljb25zL3JlYWN0LzI0L3NvbGlkIiwiQGhlcm9pY29ucy9yZWFjdC8yNC9vdXRsaW5lIiwiQHZpc3gvdmlzeCIsIkB0cmVtb3IvcmVhY3QiLCJyeGpzIiwiQG11aS9tYXRlcmlhbCIsIkBtdWkvaWNvbnMtbWF0ZXJpYWwiLCJyZWNoYXJ0cyIsInJlYWN0LXVzZSIsImVmZmVjdCIsIkBlZmZlY3Qvc2NoZW1hIiwiQGVmZmVjdC9wbGF0Zm9ybSIsIkBlZmZlY3QvcGxhdGZvcm0tbm9kZSIsIkBlZmZlY3QvcGxhdGZvcm0tYnJvd3NlciIsIkBlZmZlY3QvcGxhdGZvcm0tYnVuIiwiQGVmZmVjdC9zcWwiLCJAZWZmZWN0L3NxbC1tc3NxbCIsIkBlZmZlY3Qvc3FsLW15c3FsMiIsIkBlZmZlY3Qvc3FsLXBnIiwiQGVmZmVjdC9zcWwtc3FsaXRlLW5vZGUiLCJAZWZmZWN0L3NxbC1zcWxpdGUtYnVuIiwiQGVmZmVjdC9zcWwtc3FsaXRlLXdhc20iLCJAZWZmZWN0L3NxbC1zcWxpdGUtcmVhY3QtbmF0aXZlIiwiQGVmZmVjdC9ycGMiLCJAZWZmZWN0L3JwYy1odHRwIiwiQGVmZmVjdC90eXBlY2xhc3MiLCJAZWZmZWN0L2V4cGVyaW1lbnRhbCIsIkBlZmZlY3Qvb3BlbnRlbGVtZXRyeSIsIkBtYXRlcmlhbC11aS9jb3JlIiwiQG1hdGVyaWFsLXVpL2ljb25zIiwiQHRhYmxlci9pY29ucy1yZWFjdCIsIm11aS1jb3JlIiwicmVhY3QtaWNvbnMvYWkiLCJyZWFjdC1pY29ucy9iaSIsInJlYWN0LWljb25zL2JzIiwicmVhY3QtaWNvbnMvY2ciLCJyZWFjdC1pY29ucy9jaSIsInJlYWN0LWljb25zL2RpIiwicmVhY3QtaWNvbnMvZmEiLCJyZWFjdC1pY29ucy9mYTYiLCJyZWFjdC1pY29ucy9mYyIsInJlYWN0LWljb25zL2ZpIiwicmVhY3QtaWNvbnMvZ2kiLCJyZWFjdC1pY29ucy9nbyIsInJlYWN0LWljb25zL2dyIiwicmVhY3QtaWNvbnMvaGkiLCJyZWFjdC1pY29ucy9oaTIiLCJyZWFjdC1pY29ucy9pbSIsInJlYWN0LWljb25zL2lvIiwicmVhY3QtaWNvbnMvaW81IiwicmVhY3QtaWNvbnMvbGlhIiwicmVhY3QtaWNvbnMvbGliIiwicmVhY3QtaWNvbnMvbHUiLCJyZWFjdC1pY29ucy9tZCIsInJlYWN0LWljb25zL3BpIiwicmVhY3QtaWNvbnMvcmkiLCJyZWFjdC1pY29ucy9yeCIsInJlYWN0LWljb25zL3NpIiwicmVhY3QtaWNvbnMvc2wiLCJyZWFjdC1pY29ucy90YiIsInJlYWN0LWljb25zL3RmaSIsInJlYWN0LWljb25zL3RpIiwicmVhY3QtaWNvbnMvdnNjIiwicmVhY3QtaWNvbnMvd2kiXX0sImh0bWxMaW1pdGVkQm90cyI6Ik1lZGlhcGFydG5lcnMtR29vZ2xlfENocm9tZS1MaWdodGhvdXNlfFNsdXJwfER1Y2tEdWNrQm90fGJhaWR1c3BpZGVyfHlhbmRleHxzb2dvdXxiaXRseWJvdHx0dW1ibHJ8dmtTaGFyZXxxdW9yYSBsaW5rIHByZXZpZXd8cmVkZGl0Ym90fGlhX2FyY2hpdmVyfEJpbmdib3R8QmluZ1ByZXZpZXd8YXBwbGVib3R8ZmFjZWJvb2tleHRlcm5hbGhpdHxmYWNlYm9va2NhdGFsb2d8VHdpdHRlcmJvdHxMaW5rZWRJbkJvdHxTbGFja2JvdHxEaXNjb3JkYm90fFdoYXRzQXBwfFNreXBlVXJpUHJldmlld3xZZXRpIiwiYnVuZGxlUGFnZXNSb3V0ZXJEZXBlbmRlbmNpZXMiOmZhbHNlLCJjb25maWdGaWxlIjoiL1VzZXJzL2NvZHloYWxsL3Jlc2VhcmNoY21zL25leHQuY29uZmlnLnRzIiwiY29uZmlnRmlsZU5hbWUiOiJuZXh0LmNvbmZpZy50cyIsIm91dHB1dEZpbGVUcmFjaW5nRXhjbHVkZXMiOnsiKiovKiI6WyJkcml6emxlLWtpdCIsImRyaXp6bGUta2l0L2FwaSJdfSwib3V0cHV0RmlsZVRyYWNpbmdJbmNsdWRlcyI6eyIqKi8qIjpbIkBsaWJzcWwvY2xpZW50Il19LCJ0dXJib3BhY2siOnsicm9vdCI6Ii9Vc2Vycy9jb2R5aGFsbC9yZXNlYXJjaGNtcyJ9LCJzZXJ2ZXJFeHRlcm5hbFBhY2thZ2VzIjpbImdyYXBocWwiLCJAc2VudHJ5L25leHRqcyJdfQ%3D%3D&preferredRegion=&middlewareConfig=e30%3D&cacheHandlers=%7B%7D!


> Build failed because of webpack errors
error: script "build" exited with code 1
